Component: ARM Compiler 5.06 update 6 (build 750) Tool: armlink [4d35ed]

==============================================================================

Section Cross References

    startup_stm32f446xx.o(RESET) refers to startup_stm32f446xx.o(STACK) for __initial_sp
    startup_stm32f446xx.o(RESET) refers to startup_stm32f446xx.o(.text) for Reset_Handler
    startup_stm32f446xx.o(RESET) refers to stm32f4xx_it.o(i.NMI_Handler) for NMI_Handler
    startup_stm32f446xx.o(RESET) refers to stm32f4xx_it.o(i.HardFault_Handler) for HardFault_Handler
    startup_stm32f446xx.o(RESET) refers to stm32f4xx_it.o(i.MemManage_Handler) for MemManage_Handler
    startup_stm32f446xx.o(RESET) refers to stm32f4xx_it.o(i.BusFault_Handler) for BusFault_Handler
    startup_stm32f446xx.o(RESET) refers to stm32f4xx_it.o(i.UsageFault_Handler) for UsageFault_Handler
    startup_stm32f446xx.o(RESET) refers to stm32f4xx_it.o(i.SVC_Handler) for SVC_Handler
    startup_stm32f446xx.o(RESET) refers to stm32f4xx_it.o(i.DebugMon_Handler) for DebugMon_Handler
    startup_stm32f446xx.o(RESET) refers to cortex_m_ports.o(CODE) for PendSV_Handler
    startup_stm32f446xx.o(RESET) refers to stm32f4xx_it.o(i.TIM2_IRQHandler) for TIM2_IRQHandler
    startup_stm32f446xx.o(.text) refers to system_stm32f4xx.o(i.SystemInit) for SystemInit
    startup_stm32f446xx.o(.text) refers to entry.o(.ARM.Collect$$$$00000000) for __main
    cortex_m_ports.o(CODE) refers to os_cpu_a.o(CODE) for OS_CPU_PendSVHandler
    cortex_m_ports.o(CODE) refers to os_cpu_c.o(i.OS_CPU_SysTickHandler) for OS_CPU_SysTickHandler
    task_capture_data.o(i.Task_captureData_init) refers to os_core.o(i.OSInit) for OSInit
    task_capture_data.o(i.Task_captureData_init) refers to debug_functions.o(i.error_handling_os) for error_handling_os
    task_capture_data.o(i.Task_captureData_init) refers to os_q.o(i.OSQCreate) for OSQCreate
    task_capture_data.o(i.Task_captureData_init) refers to os_task.o(i.OSTaskCreate) for OSTaskCreate
    task_capture_data.o(i.Task_captureData_init) refers to main.o(.data) for os_err
    task_capture_data.o(i.Task_captureData_init) refers to task_capture_data.o(.data) for .data
    task_capture_data.o(i.Task_captureData_init) refers to task_capture_data.o(.bss) for .bss
    task_capture_data.o(i.Task_captureData_task) refers to memseta.o(.text) for __aeabi_memclr4
    task_capture_data.o(i.Task_captureData_task) refers to os_time.o(i.OSTimeDlyHMSM) for OSTimeDlyHMSM
    task_capture_data.o(i.Task_captureData_task) refers to stm32f4xx_hal_gpio.o(i.HAL_GPIO_TogglePin) for HAL_GPIO_TogglePin
    task_capture_data.o(i.Task_captureData_task) refers to stm32f4xx_hal_tim.o(i.HAL_TIM_Base_Start_IT) for HAL_TIM_Base_Start_IT
    task_capture_data.o(i.Task_captureData_task) refers to stm32f4xx_hal_gpio.o(i.HAL_GPIO_ReadPin) for HAL_GPIO_ReadPin
    task_capture_data.o(i.Task_captureData_task) refers to os_mutex.o(i.OSMutexPend) for OSMutexPend
    task_capture_data.o(i.Task_captureData_task) refers to os_mutex.o(i.OSMutexPost) for OSMutexPost
    task_capture_data.o(i.Task_captureData_task) refers to debug_functions.o(i.error_handling_os) for error_handling_os
    task_capture_data.o(i.Task_captureData_task) refers to os_q.o(i.OSQPost) for OSQPost
    task_capture_data.o(i.Task_captureData_task) refers to os_flag.o(i.OSFlagPost) for OSFlagPost
    task_capture_data.o(i.Task_captureData_task) refers to os_core.o(i.OSSched) for OSSched
    task_capture_data.o(i.Task_captureData_task) refers to task_capture_data.o(.bss) for .bss
    task_capture_data.o(i.Task_captureData_task) refers to main.o(.data) for os_err
    task_capture_data.o(i.Task_captureData_task) refers to tim.o(.bss) for htim2
    task_capture_data.o(i.Task_captureData_task) refers to task_capture_data.o(.data) for .data
    task_capture_data.o(i.Task_captureData_task) refers to task_send_data.o(.data) for data_buffer_mutex_ts
    task_capture_data.o(i.Task_captureData_task) refers to task_send_data.o(.bss) for data_buffer_mutex
    main.o(i.SystemClock_Config) refers to memseta.o(.text) for __aeabi_memclr4
    main.o(i.SystemClock_Config) refers to stm32f4xx_hal_rcc_ex.o(i.HAL_RCC_OscConfig) for HAL_RCC_OscConfig
    main.o(i.SystemClock_Config) refers to stm32f4xx_hal_rcc.o(i.HAL_RCC_ClockConfig) for HAL_RCC_ClockConfig
    main.o(i.main) refers to stm32f4xx_hal.o(i.HAL_Init) for HAL_Init
    main.o(i.main) refers to main.o(i.SystemClock_Config) for SystemClock_Config
    main.o(i.main) refers to gpio.o(i.MX_GPIO_Init) for MX_GPIO_Init
    main.o(i.main) refers to usart.o(i.MX_USART2_UART_Init) for MX_USART2_UART_Init
    main.o(i.main) refers to tim.o(i.MX_TIM2_Init) for MX_TIM2_Init
    main.o(i.main) refers to log.o(i.init_logs) for init_logs
    main.o(i.main) refers to list.o(i.list_init) for list_init
    main.o(i.main) refers to task_capture_data.o(i.Task_captureData_init) for Task_captureData_init
    main.o(i.main) refers to task_send_data.o(i.Task_sendData_init) for Task_sendData_init
[...]
    .data                                    0x2000002c   Section        4  os_prio.o(.data)
    .data                                    0x20000030   Section        4  os_var.o(.data)
    .data                                    0x20000034   Section        4  os_var.o(.data)
    .data                                    0x20000038   Section        4  os_var.o(.data)
    .data                                    0x2000003c   Section        4  os_var.o(.data)
    .data                                    0x20000040   Section        4  os_var.o(.data)
    .data                                    0x20000044   Section        4  os_var.o(.data)
    .data                                    0x20000048   Section        4  os_var.o(.data)
    .data                                    0x2000004c   Section        4  os_var.o(.data)
    .data                                    0x20000050   Section        1  os_var.o(.data)
    .data                                    0x20000051   Section        1  os_var.o(.data)
    .data                                    0x20000052   Section        1  os_var.o(.data)
    .data                                    0x20000054   Section        4  os_var.o(.data)
    .data                                    0x20000058   Section        2  os_var.o(.data)
    .data                                    0x2000005c   Section        4  os_var.o(.data)
    .data                                    0x20000060   Section        2  os_var.o(.data)
    .data                                    0x20000064   Section        4  os_var.o(.data)
    .data                                    0x20000068   Section        2  os_var.o(.data)
    .data                                    0x2000006a   Section        1  os_var.o(.data)
    .data                                    0x2000006b   Section        1  os_var.o(.data)
    .data                                    0x2000006c   Section        4  os_var.o(.data)
    .data                                    0x20000070   Section        2  os_var.o(.data)
    .data                                    0x20000072   Section        1  os_var.o(.data)
    .data                                    0x20000074   Section        4  os_var.o(.data)
    .data                                    0x20000078   Section        2  os_var.o(.data)
    .data                                    0x2000007a   Section        1  os_var.o(.data)
    .data                                    0x2000007c   Section        2  os_var.o(.data)
    .data                                    0x2000007e   Section        2  os_var.o(.data)
    .data                                    0x20000080   Section        4  os_var.o(.data)
    .data                                    0x20000084   Section        4  os_var.o(.data)
    .data                                    0x20000088   Section        4  os_var.o(.data)
    .data                                    0x2000008c   Section        1  os_var.o(.data)
    .data                                    0x20000090   Section        4  os_var.o(.data)
    .data                                    0x20000094   Section        4  os_var.o(.data)
    .data                                    0x20000098   Section        2  os_var.o(.data)
    .data                                    0x2000009a   Section        1  os_var.o(.data)
    .data                                    0x2000009c   Section        4  os_var.o(.data)
    .data                                    0x200000a0   Section        8  os_var.o(.data)
    .data                                    0x200000a8   Section        8  os_var.o(.data)
    .data                                    0x200000b0   Section        4  os_var.o(.data)
    .data                                    0x200000b4   Section        2  os_var.o(.data)
    .data                                    0x200000b8   Section        4  os_var.o(.data)
    .data                                    0x200000bc   Section        4  os_var.o(.data)
    .data                                    0x200000c0   Section        4  os_var.o(.data)
    .data                                    0x200000c4   Section        4  os_var.o(.data)
    .data                                    0x200000c8   Section        4  os_var.o(.data)
    .data                                    0x200000cc   Section        4  os_var.o(.data)
    .bss                                     0x200000d0   Section     1544  task_capture_data.o(.bss)
    .bss                                     0x200006d8   Section       64  tim.o(.bss)
    .bss                                     0x20000718   Section       64  usart.o(.bss)
    .bss                                     0x20000758   Section     1600  list.o(.bss)
    .bss                                     0x20000d98   Section     1576  task_send_data.o(.bss)
    .bss                                     0x200013c0   Section     1024  os_cfg_app.o(.bss)
    .bss                                     0x200017c0   Section     2048  os_cfg_app.o(.bss)
    .bss                                     0x20001fc0   Section     1200  os_cfg_app.o(.bss)
    .bss                                     0x20002470   Section     2048  os_cfg_app.o(.bss)
    .bss                                     0x20002c70   Section     2048  os_cfg_app.o(.bss)
    .bss                                     0x20003470   Section     2048  os_cfg_app.o(.bss)
    .bss                                     0x20003c70   Section      184  os_var.o(.bss)
    .bss                                     0x20003d28   Section       12  os_var.o(.bss)
    .bss                                     0x20003d34   Section      384  os_var.o(.bss)
    .bss                                     0x20003eb4   Section      184  os_var.o(.bss)
    .bss                                     0x20003f6c   Section      184  os_var.o(.bss)
    .bss                                     0x20004024   Section       44  os_var.o(.bss)
    .bss                                     0x20004050   Section      184  os_var.o(.bss)
    STACK                                    0x20004108   Section     1024  startup_stm32f446xx.o(STACK)

    Global Symbols

    Symbol Name                              Value     Ov Type        Size  Object(Section)

    BuildAttributes$$THM_ISAv4$E$P$D$K$B$S$7EM$VFPi3$EXTD16$VFPS$VFMA$PE$A:L22UL41UL21$X:L11$S22US41US21$IEEE1$IW$USESV6$~STKCKD$USESV7$~SHL$OSPACE$ROPI$EBA8$MICROLIB$REQ8$PRES8$EABIv2 0x00000000   Number         0  anon$$obj.o ABSOLUTE
    __ARM_use_no_argv                        0x00000000   Number         0  main.o ABSOLUTE
    _printf_a                                0x00000000   Number         0  stubs.o ABSOLUTE
    _printf_c                                0x00000000   Number         0  stubs.o ABSOLUTE
    _printf_charcount                        0x00000000   Number         0  stubs.o ABSOLUTE
    _printf_d                                0x00000000   Number         0  stubs.o ABSOLUTE
    _printf_e                                0x00000000   Number         0  stubs.o ABSOLUTE
    _printf_f                                0x00000000   Number         0  stubs.o ABSOLUTE
    _printf_flags                            0x00000000   Number         0  stubs.o ABSOLUTE
    _printf_fp_dec                           0x00000000   Number         0  stubs.o ABSOLUTE
    _printf_fp_hex                           0x00000000   Number         0  stubs.o ABSOLUTE
    _printf_g                                0x00000000   Number         0  stubs.o ABSOLUTE
    _printf_i                                0x00000000   Number         0  stubs.o ABSOLUTE
    _printf_int_dec                          0x00000000   Number         0  stubs.o ABSOLUTE
    _printf_l                                0x00000000   Number         0  stubs.o ABSOLUTE
    _printf_lc                               0x00000000   Number         0  stubs.o ABSOLUTE
    _printf_ll                               0x00000000   Number         0  stubs.o ABSOLUTE
    _printf_lld                              0x00000000   Number         0  stubs.o ABSOLUTE
    _printf_lli                              0x00000000   Number         0  stubs.o ABSOLUTE
    _printf_llo                              0x00000000   Number         0  stubs.o ABSOLUTE
    _printf_llu                              0x00000000   Number         0  stubs.o ABSOLUTE
    _printf_llx                              0x00000000   Number         0  stubs.o ABSOLUTE
    _printf_longlong_dec                     0x00000000   Number         0  stubs.o ABSOLUTE
    _printf_longlong_hex                     0x00000000   Number         0  stubs.o ABSOLUTE
    _printf_longlong_oct                     0x00000000   Number         0  stubs.o ABSOLUTE
    _printf_ls                               0x00000000   Number         0  stubs.o ABSOLUTE
    _printf_mbtowc                           0x00000000   Number         0  stubs.o ABSOLUTE
    _printf_n                                0x00000000   Number         0  stubs.o ABSOLUTE
    _printf_o                                0x00000000   Number         0  stubs.o ABSOLUTE
    _printf_p                                0x00000000   Number         0  stubs.o ABSOLUTE
    _printf_percent                          0x00000000   Number         0  stubs.o ABSOLUTE
    _printf_pre_padding                      0x00000000   Number         0  stubs.o ABSOLUTE
    _printf_return_value                     0x00000000   Number         0  stubs.o ABSOLUTE
    _printf_s                                0x00000000   Number         0  stubs.o ABSOLUTE
    _printf_sizespec                         0x00000000   Number         0  stubs.o ABSOLUTE
    _printf_str                              0x00000000   Number         0  stubs.o ABSOLUTE
    _printf_truncate_signed                  0x00000000   Number         0  stubs.o ABSOLUTE
    _printf_truncate_unsigned                0x00000000   Number         0  stubs.o ABSOLUTE
    _printf_u                                0x00000000   Number         0  stubs.o ABSOLUTE
    _printf_wc                               0x00000000   Number         0  stubs.o ABSOLUTE
    _printf_wctomb                           0x00000000   Number         0  stubs.o ABSOLUTE
    _printf_widthprec                        0x00000000   Number         0  stubs.o ABSOLUTE
    _printf_x                                0x00000000   Number         0  stubs.o ABSOLUTE
    __cpp_initialize__aeabi_                  - Undefined Weak Reference
    __cxa_finalize                            - Undefined Weak Reference
    __decompress                              - Undefined Weak Reference
    _clock_init                               - Undefined Weak Reference
    _microlib_exit                            - Undefined Weak Reference
    __Vectors_Size                           0x000001c4   Number         0  startup_stm32f446xx.o ABSOLUTE
    __Vectors                                0x08000000   Data           4  startup_stm32f446xx.o(RESET)
    __Vectors_End                            0x080001c4   Data           0  startup_stm32f446xx.o(RESET)
    __main                                   0x080001c5   Thumb Code     0  entry.o(.ARM.Collect$$$$00000000)
    _main_stk                                0x080001c5   Thumb Code     0  entry2.o(.ARM.Collect$$$$00000001)
    _main_scatterload                        0x080001c9   Thumb Code     0  entry5.o(.ARM.Collect$$$$00000004)
    __main_after_scatterload                 0x080001cd   Thumb Code     0  entry5.o(.ARM.Collect$$$$00000004)
    _main_clock                              0x080001cd   Thumb Code     0  entry7b.o(.ARM.Collect$$$$00000008)
    _main_cpp_init                           0x080001cd   Thumb Code     0  entry8b.o(.ARM.Collect$$$$0000000A)
    _main_init                               0x080001cd   Thumb Code     0  entry9a.o(.ARM.Collect$$$$0000000B)
    __rt_final_cpp                           0x080001d5   Thumb Code     0  entry10a.o(.ARM.Collect$$$$0000000D)
    __rt_final_exit                          0x080001d5   Thumb Code     0  entry11a.o(.ARM.Collect$$$$0000000F)
    Reset_Handler                            0x080001d9   Thumb Code     8  startup_stm32f446xx.o(.text)
    ADC_IRQHandler                           0x080001f3   Thumb Code     0  startup_stm32f446xx.o(.text)
    CAN1_RX0_IRQHandler                      0x080001f3   Thumb Code     0  startup_stm32f446xx.o(.text)
    CAN1_RX1_IRQHandler                      0x080001f3   Thumb Code     0  startup_stm32f446xx.o(.text)
    CAN1_SCE_IRQHandler                      0x080001f3   Thumb Code     0  startup_stm32f446xx.o(.text)
    CAN1_TX_IRQHandler                       0x080001f3   Thumb Code     0  startup_stm32f446xx.o(.text)
    CAN2_RX0_IRQHandler                      0x080001f3   Thumb Code     0  startup_stm32f446xx.o(.text)
    CAN2_RX1_IRQHandler                      0x080001f3   Thumb Code     0  startup_stm32f446xx.o(.text)
    CAN2_SCE_IRQHandler                      0x080001f3   Thumb Code     0  startup_stm32f446xx.o(.text)
    CAN2_TX_IRQHandler                       0x080001f3   Thumb Code     0  startup_stm32f446xx.o(.text)
    CEC_IRQHandler                           0x080001f3   Thumb Code     0  startup_stm32f446xx.o(.text)
    DCMI_IRQHandler                          0x080001f3   Thumb Code     0  startup_stm32f446xx.o(.text)
    DMA1_Stream0_IRQHandler                  0x080001f3   Thumb Code     0  startup_stm32f446xx.o(.text)
    DMA1_Stream1_IRQHandler                  0x080001f3   Thumb Code     0  startup_stm32f446xx.o(.text)
    DMA1_Stream2_IRQHandler                  0x080001f3   Thumb Code     0  startup_stm32f446xx.o(.text)
    DMA1_Stream3_IRQHandler                  0x080001f3   Thumb Code     0  startup_stm32f446xx.o(.text)
    DMA1_Stream4_IRQHandler                  0x080001f3   Thumb Code     0  startup_stm32f446xx.o(.text)
    DMA1_Stream5_IRQHandler                  0x080001f3   Thumb Code     0  startup_stm32f446xx.o(.text)
    DMA1_Stream6_IRQHandler                  0x080001f3   Thumb Code     0  startup_stm32f446xx.o(.text)
    DMA1_Stream7_IRQHandler                  0x080001f3   Thumb Code     0  startup_stm32f446xx.o(.text)
    DMA2_Stream0_IRQHandler                  0x080001f3   Thumb Code     0  startup_stm32f446xx.o(.text)
    DMA2_Stream1_IRQHandler                  0x080001f3   Thumb Code     0  startup_stm32f446xx.o(.text)
    DMA2_Stream2_IRQHandler                  0x080001f3   Thumb Code     0  startup_stm32f446xx.o(.text)
    DMA2_Stream3_IRQHandler                  0x080001f3   Thumb Code     0  startup_stm32f446xx.o(.text)
    DMA2_Stream4_IRQHandler                  0x080001f3   Thumb Code     0  startup_stm32f446xx.o(.text)
    DMA2_Stream5_IRQHandler                  0x080001f3   Thumb Code     0  startup_stm32f446xx.o(.text)
    DMA2_Stream6_IRQHandler                  0x080001f3   Thumb Code     0  startup_stm32f446xx.o(.text)
    DMA2_Stream7_IRQHandler                  0x080001f3   Thumb Code     0  startup_stm32f446xx.o(.text)
    EXTI0_IRQHandler                         0x080001f3   Thumb Code     0  startup_stm32f446xx.o(.text)
    EXTI15_10_IRQHandler                     0x080001f3   Thumb Code     0  startup_stm32f446xx.o(.text)
    EXTI1_IRQHandler                         0x080001f3   Thumb Code     0  startup_stm32f446xx.o(.text)
    EXTI2_IRQHandler                         0x080001f3   Thumb Code     0  startup_stm32f446xx.o(.text)
    EXTI3_IRQHandler                         0x080001f3   Thumb Code     0  startup_stm32f446xx.o(.text)
    EXTI4_IRQHandler                         0x080001f3   Thumb Code     0  startup_stm32f446xx.o(.text)
    EXTI9_5_IRQHandler                       0x080001f3   Thumb Code     0  startup_stm32f446xx.o(.text)
    FLASH_IRQHandler                         0x080001f3   Thumb Code     0  startup_stm32f446xx.o(.text)
    FMC_IRQHandler                           0x080001f3   Thumb Code     0  startup_stm32f446xx.o(.text)
    FMPI2C1_ER_IRQHandler                    0x080001f3   Thumb Code     0  startup_stm32f446xx.o(.text)
    FMPI2C1_EV_IRQHandler                    0x080001f3   Thumb Code     0  startup_stm32f446xx.o(.text)
    FPU_IRQHandler                           0x080001f3   Thumb Code     0  startup_stm32f446xx.o(.text)
    I2C1_ER_IRQHandler                       0x080001f3   Thumb Code     0  startup_stm32f446xx.o(.text)
    I2C1_EV_IRQHandler                       0x080001f3   Thumb Code     0  startup_stm32f446xx.o(.text)
    I2C2_ER_IRQHandler                       0x080001f3   Thumb Code     0  startup_stm32f446xx.o(.text)
    I2C2_EV_IRQHandler                       0x080001f3   Thumb Code     0  startup_stm32f446xx.o(.text)
    I2C3_ER_IRQHandler                       0x080001f3   Thumb Code     0  startup_stm32f446xx.o(.text)
    I2C3_EV_IRQHandler                       0x080001f3   Thumb Code     0  startup_stm32f446xx.o(.text)
    OTG_FS_IRQHandler                        0x080001f3   Thumb Code     0  startup_stm32f446xx.o(.text)
    OTG_FS_WKUP_IRQHandler                   0x080001f3   Thumb Code     0  startup_stm32f446xx.o(.text)
    OTG_HS_EP1_IN_IRQHandler                 0x080001f3   Thumb Code     0  startup_stm32f446xx.o(.text)
    OTG_HS_EP1_OUT_IRQHandler                0x080001f3   Thumb Code     0  startup_stm32f446xx.o(.text)
    OTG_HS_IRQHandler                        0x080001f3   Thumb Code     0  startup_stm32f446xx.o(.text)
    OTG_HS_WKUP_IRQHandler                   0x080001f3   Thumb Code     0  startup_stm32f446xx.o(.text)
    PVD_IRQHandler                           0x080001f3   Thumb Code     0  startup_stm32f446xx.o(.text)
    QUADSPI_IRQHandler                       0x080001f3   Thumb Code     0  startup_stm32f446xx.o(.text)
    RCC_IRQHandler                           0x080001f3   Thumb Code     0  startup_stm32f446xx.o(.text)
    RTC_Alarm_IRQHandler                     0x080001f3   Thumb Code     0  startup_stm32f446xx.o(.text)
    RTC_WKUP_IRQHandler                      0x080001f3   Thumb Code     0  startup_stm32f446xx.o(.text)
    SAI1_IRQHandler                          0x080001f3   Thumb Code     0  startup_stm32f446xx.o(.text)
    SAI2_IRQHandler                          0x080001f3   Thumb Code     0  startup_stm32f446xx.o(.text)
    SDIO_IRQHandler                          0x080001f3   Thumb Code     0  startup_stm32f446xx.o(.text)
    SPDIF_RX_IRQHandler                      0x080001f3   Thumb Code     0  startup_stm32f446xx.o(.text)
    SPI1_IRQHandler                          0x080001f3   Thumb Code     0  startup_stm32f446xx.o(.text)
    SPI2_IRQHandler                          0x080001f3   Thumb Code     0  startup_stm32f446xx.o(.text)
    SPI3_IRQHandler                          0x080001f3   Thumb Code     0  startup_stm32f446xx.o(.text)
    SPI4_IRQHandler                          0x080001f3   Thumb Code     0  startup_stm32f446xx.o(.text)
    TAMP_STAMP_IRQHandler                    0x080001f3   Thumb Code     0  startup_stm32f446xx.o(.text)
    TIM1_BRK_TIM9_IRQHandler                 0x080001f3   Thumb Code     0  startup_stm32f446xx.o(.text)
    TIM1_CC_IRQHandler                       0x080001f3   Thumb Code     0  startup_stm32f446xx.o(.text)
    TIM1_TRG_COM_TIM11_IRQHandler            0x080001f3   Thumb Code     0  startup_stm32f446xx.o(.text)
    TIM1_UP_TIM10_IRQHandler                 0x080001f3   Thumb Code     0  startup_stm32f446xx.o(.text)
    TIM3_IRQHandler                          0x080001f3   Thumb Code     0  startup_stm32f446xx.o(.text)
    TIM4_IRQHandler                          0x080001f3   Thumb Code     0  startup_stm32f446xx.o(.text)
    TIM5_IRQHandler                          0x080001f3   Thumb Code     0  startup_stm32f446xx.o(.text)
    TIM6_DAC_IRQHandler                      0x080001f3   Thumb Code     0  startup_stm32f446xx.o(.text)
    TIM7_IRQHandler                          0x080001f3   Thumb Code     0  startup_stm32f446xx.o(.text)
    TIM8_BRK_TIM12_IRQHandler                0x080001f3   Thumb Code     0  startup_stm32f446xx.o(.text)
    TIM8_CC_IRQHandler                       0x080001f3   Thumb Code     0  startup_stm32f446xx.o(.text)
    TIM8_TRG_COM_TIM14_IRQHandler            0x080001f3   Thumb Code     0  startup_stm32f446xx.o(.text)
    TIM8_UP_TIM13_IRQHandler                 0x080001f3   Thumb Code     0  startup_stm32f446xx.o(.text)
    UART4_IRQHandler                         0x080001f3   Thumb Code     0  startup_stm32f446xx.o(.text)
    UART5_IRQHandler                         0x080001f3   Thumb Code     0  startup_stm32f446xx.o(.text)
    USART1_IRQHandler                        0x080001f3   Thumb Code     0  startup_stm32f446xx.o(.text)
    USART2_IRQHandler                        0x080001f3   Thumb Code     0  startup_stm32f446xx.o(.text)
    USART3_IRQHandler                        0x080001f3   Thumb Code     0  startup_stm32f446xx.o(.text)
    USART6_IRQHandler                        0x080001f3   Thumb Code     0  startup_stm32f446xx.o(.text)
    WWDG_IRQHandler                          0x080001f3   Thumb Code     0  startup_stm32f446xx.o(.text)
    CPU_IntDis                               0x080001fd   Thumb Code     0  cpu_a.o(.text)
    CPU_IntEn                                0x08000201   Thumb Code     0  cpu_a.o(.text)
    CPU_SR_Save                              0x08000205   Thumb Code     0  cpu_a.o(.text)
    CPU_SR_Restore                           0x0800020d   Thumb Code     0  cpu_a.o(.text)
    CPU_WaitForInt                           0x08000213   Thumb Code     0  cpu_a.o(.text)
    CPU_WaitForExcept                        0x08000217   Thumb Code     0  cpu_a.o(.text)
    CPU_CntLeadZeros                         0x0800021b   Thumb Code     0  cpu_a.o(.text)
    CPU_CntTrailZeros                        0x08000221   Thumb Code     0  cpu_a.o(.text)
    CPU_RevBits                              0x0800022b   Thumb Code     0  cpu_a.o(.text)
    __aeabi_uldivmod                         0x08000231   Thumb Code    98  uldiv.o(.text)
    __aeabi_memset                           0x08000293   Thumb Code    14  memseta.o(.text)
    __aeabi_memset4                          0x08000293   Thumb Code     0  memseta.o(.text)
    __aeabi_memset8                          0x08000293   Thumb Code     0  memseta.o(.text)
    __aeabi_memclr                           0x080002a1   Thumb Code     4  memseta.o(.text)
    __aeabi_memclr4                          0x080002a1   Thumb Code     0  memseta.o(.text)
    __aeabi_memclr8                          0x080002a1   Thumb Code     0  memseta.o(.text)
    _memset$wrapper                          0x080002a5   Thumb Code    18  memseta.o(.text)
    strlen                                   0x080002b7   Thumb Code    14  strlen.o(.text)
    strcpy                                   0x080002c5   Thumb Code    18  strcpy.o(.text)
    __aeabi_uidiv                            0x080002d7   Thumb Code     0  uidiv.o(.text)
    __aeabi_uidivmod                         0x080002d7   Thumb Code    44  uidiv.o(.text)
    __aeabi_llsl                             0x08000303   Thumb Code    30  llshl.o(.text)
    _ll_shift_l                              0x08000303   Thumb Code     0  llshl.o(.text)
    __aeabi_llsr                             0x08000321   Thumb Code    32  llushr.o(.text)
    _ll_ushift_r                             0x08000321   Thumb Code     0  llushr.o(.text)
    __I$use$fp                               0x08000341   Thumb Code     0  iusefp.o(.text)
    __aeabi_dadd                             0x08000341   Thumb Code   322  dadd.o(.text)
    __aeabi_dsub                             0x08000483   Thumb Code     6  dadd.o(.text)
    __aeabi_drsub                            0x08000489   Thumb Code     6  dadd.o(.text)
    __aeabi_dmul                             0x0800048f   Thumb Code   228  dmul.o(.text)
    __aeabi_ddiv                             0x08000573   Thumb Code   222  ddiv.o(.text)
    __aeabi_d2ulz                            0x08000651   Thumb Code    48  dfixul.o(.text)
    __aeabi_cdrcmple                         0x08000681   Thumb Code    48  cdrcmple.o(.text)
    __scatterload                            0x080006b1   Thumb Code    28  init.o(.text)
    __scatterload_rt2                        0x080006b1   Thumb Code     0  init.o(.text)
    __aeabi_lasr                             0x080006d5   Thumb Code    36  llsshr.o(.text)
    _ll_sshift_r                             0x080006d5   Thumb Code     0  llsshr.o(.text)
    _double_round                            0x080006f9   Thumb Code    30  depilogue.o(.text)
    _double_epilogue                         0x08000717   Thumb Code   156  depilogue.o(.text)
    PendSV_Handler                           0x080007b5   Thumb Code     0  cortex_m_ports.o(CODE)
    SysTick_Handler                          0x080007bb   Thumb Code     0  cortex_m_ports.o(CODE)
    OS_CPU_FP_Reg_Push                       0x080007c1   Thumb Code     0  os_cpu_a.o(CODE)
    OS_CPU_FP_Reg_Pop                        0x080007db   Thumb Code     0  os_cpu_a.o(CODE)
    OSStartHighRdy                           0x080007ed   Thumb Code     0  os_cpu_a.o(CODE)
    OSCtxSw                                  0x08000877   Thumb Code     0  os_cpu_a.o(CODE)
    OSIntCtxSw                               0x08000881   Thumb Code     0  os_cpu_a.o(CODE)
    OS_CPU_PendSVHandler                     0x0800088b   Thumb Code     0  os_cpu_a.o(CODE)
    BusFault_Handler                         0x080008e5   Thumb Code     2  stm32f4xx_it.o(i.BusFault_Handler)
    DebugMon_Handler                         0x080008e7   Thumb Code     2  stm32f4xx_it.o(i.DebugMon_Handler)
    Error_Handler                            0x080008e9   Thumb Code     2  main.o(i.Error_Handler)
    HAL_GPIO_Init                            0x080008ed   Thumb Code   378  stm32f4xx_hal_gpio.o(i.HAL_GPIO_Init)
    HAL_GPIO_ReadPin                         0x08000a91   Thumb Code    10  stm32f4xx_hal_gpio.o(i.HAL_GPIO_ReadPin)
    HAL_GPIO_TogglePin                       0x08000a9b   Thumb Code    14  stm32f4xx_hal_gpio.o(i.HAL_GPIO_TogglePin)
    HAL_GPIO_WritePin                        0x08000aa9   Thumb Code    10  stm32f4xx_hal_gpio.o(i.HAL_GPIO_WritePin)
    HAL_GetTick                              0x08000ab5   Thumb Code     6  stm32f4xx_hal.o(i.HAL_GetTick)
    HAL_Init                                 0x08000ac1   Thumb Code    48  stm32f4xx_hal.o(i.HAL_Init)
    HAL_InitTick                             0x08000af5   Thumb Code    54  stm32f4xx_hal.o(i.HAL_InitTick)
    HAL_MspInit                              0x08000b35   Thumb Code    48  stm32f4xx_hal_msp.o(i.HAL_MspInit)
    HAL_NVIC_EnableIRQ                       0x08000b69   Thumb Code    26  stm32f4xx_hal_cortex.o(i.HAL_NVIC_EnableIRQ)
    HAL_NVIC_SetPriority                     0x08000b85   Thumb Code    60  stm32f4xx_hal_cortex.o(i.HAL_NVIC_SetPriority)
    HAL_NVIC_SetPriorityGrouping             0x08000bc5   Thumb Code    26  stm32f4xx_hal_cortex.o(i.HAL_NVIC_SetPriorityGrouping)
    HAL_RCC_ClockConfig                      0x08000be9   Thumb Code   286  stm32f4xx_hal_rcc.o(i.HAL_RCC_ClockConfig)
    HAL_RCC_GetPCLK1Freq                     0x08000d19   Thumb Code    20  stm32f4xx_hal_rcc.o(i.HAL_RCC_GetPCLK1Freq)
    HAL_RCC_GetPCLK2Freq                     0x08000d39   Thumb Code    20  stm32f4xx_hal_rcc.o(i.HAL_RCC_GetPCLK2Freq)
    HAL_RCC_GetSysClockFreq                  0x08000d59   Thumb Code   140  stm32f4xx_hal_rcc_ex.o(i.HAL_RCC_GetSysClockFreq)
    HAL_RCC_OscConfig                        0x08000ded   Thumb Code   814  stm32f4xx_hal_rcc_ex.o(i.HAL_RCC_OscConfig)
    HAL_SYSTICK_Config                       0x08001131   Thumb Code    40  stm32f4xx_hal_cortex.o(i.HAL_SYSTICK_Config)
    HAL_TIMEx_BreakCallback                  0x08001159   Thumb Code     2  stm32f4xx_hal_tim_ex.o(i.HAL_TIMEx_BreakCallback)
    HAL_TIMEx_CommutCallback                 0x0800115b   Thumb Code     2  stm32f4xx_hal_tim_ex.o(i.HAL_TIMEx_CommutCallback)
    HAL_TIMEx_MasterConfigSynchronization    0x0800115d   Thumb Code    66  stm32f4xx_hal_tim_ex.o(i.HAL_TIMEx_MasterConfigSynchronization)
    HAL_TIM_Base_Init                        0x0800119f   Thumb Code    54  stm32f4xx_hal_tim.o(i.HAL_TIM_Base_Init)
    HAL_TIM_Base_MspInit                     0x080011d5   Thumb Code    50  tim.o(i.HAL_TIM_Base_MspInit)
    HAL_TIM_Base_Start_IT                    0x0800120d   Thumb Code    34  stm32f4xx_hal_tim.o(i.HAL_TIM_Base_Start_IT)
    HAL_TIM_ConfigClockSource                0x0800122f   Thumb Code   214  stm32f4xx_hal_tim.o(i.HAL_TIM_ConfigClockSource)
    HAL_TIM_IC_CaptureCallback               0x08001305   Thumb Code     2  stm32f4xx_hal_tim.o(i.HAL_TIM_IC_CaptureCallback)
    HAL_TIM_IRQHandler                       0x08001307   Thumb Code   358  stm32f4xx_hal_tim.o(i.HAL_TIM_IRQHandler)
    HAL_TIM_OC_DelayElapsedCallback          0x0800146d   Thumb Code     2  stm32f4xx_hal_tim.o(i.HAL_TIM_OC_DelayElapsedCallback)
    HAL_TIM_PWM_PulseFinishedCallback        0x0800146f   Thumb Code     2  stm32f4xx_hal_tim.o(i.HAL_TIM_PWM_PulseFinishedCallback)
    HAL_TIM_PeriodElapsedCallback            0x08001471   Thumb Code     8  tim.o(i.HAL_TIM_PeriodElapsedCallback)
    HAL_TIM_TriggerCallback                  0x0800147d   Thumb Code     2  stm32f4xx_hal_tim.o(i.HAL_TIM_TriggerCallback)
    HAL_UART_Init                            0x0800147f   Thumb Code    98  stm32f4xx_hal_uart.o(i.HAL_UART_Init)
    HAL_UART_MspInit                         0x080014e1   Thumb Code    92  usart.o(i.HAL_UART_MspInit)
    HAL_UART_Transmit                        0x08001549   Thumb Code   186  stm32f4xx_hal_uart.o(i.HAL_UART_Transmit)
    HardFault_Handler                        0x08001603   Thumb Code     2  stm32f4xx_it.o(i.HardFault_Handler)
    MX_GPIO_Init                             0x08001605   Thumb Code   154  gpio.o(i.MX_GPIO_Init)
    MX_TIM2_Init                             0x080016b1   Thumb Code   100  tim.o(i.MX_TIM2_Init)
    MX_USART2_UART_Init                      0x0800171d   Thumb Code    48  usart.o(i.MX_USART2_UART_Init)
    MemManage_Handler                        0x08001755   Thumb Code     2  stm32f4xx_it.o(i.MemManage_Handler)
    NMI_Handler                              0x08001757   Thumb Code     2  stm32f4xx_it.o(i.NMI_Handler)
    OSCfg_Init                               0x08001759   Thumb Code     2  os_cfg_app.o(i.OSCfg_Init)
    OSFlagCreate                             0x0800175d   Thumb Code    64  os_flag.o(i.OSFlagCreate)
    OSFlagPost                               0x080017a5   Thumb Code    14  os_flag.o(i.OSFlagPost)
    OSIdleTaskHook                           0x080017b5   Thumb Code    12  os_cpu_c.o(i.OSIdleTaskHook)
    OSInit                                   0x080017c5   Thumb Code   230  os_core.o(i.OSInit)
    OSInitHook                               0x08001915   Thumb Code    22  os_cpu_c.o(i.OSInitHook)
    OSIntExit                                0x08001939   Thumb Code   100  os_core.o(i.OSIntExit)
    OSMutexCreate                            0x080019bd   Thumb Code    66  os_mutex.o(i.OSMutexCreate)
    OSMutexPend                              0x08001a09   Thumb Code   240  os_mutex.o(i.OSMutexPend)
    OSMutexPost                              0x08001b01   Thumb Code   242  os_mutex.o(i.OSMutexPost)
    OSQCreate                                0x08001bfd   Thumb Code    70  os_q.o(i.OSQCreate)
    OSQPend                                  0x08001c4d   Thumb Code   230  os_q.o(i.OSQPend)
    OSQPost                                  0x08001d3d   Thumb Code    16  os_q.o(i.OSQPost)
    OSSched                                  0x08001d4d   Thumb Code    96  os_core.o(i.OSSched)
    OSSchedLock                              0x08001dc9   Thumb Code    52  os_core.o(i.OSSchedLock)
    OSSchedUnlock                            0x08001e05   Thumb Code    70  os_core.o(i.OSSchedUnlock)
    OSStart                                  0x08001e55   Thumb Code    90  os_core.o(i.OSStart)
    OSStatReset                              0x08001ed1   Thumb Code   112  os_stat.o(i.OSStatReset)
    OSStatTaskHook                           0x08001f51   Thumb Code    12  os_cpu_c.o(i.OSStatTaskHook)
    OSTaskCreate                             0x08001f61   Thumb Code   250  os_task.o(i.OSTaskCreate)
    OSTaskCreateHook                         0x08002069   Thumb Code    12  os_cpu_c.o(i.OSTaskCreateHook)
    OSTaskReturnHook                         0x08002079   Thumb Code    12  os_cpu_c.o(i.OSTaskReturnHook)
    OSTaskSemPend                            0x08002089   Thumb Code   168  os_task.o(i.OSTaskSemPend)
    OSTaskSemPost                            0x08002139   Thumb Code     8  os_task.o(i.OSTaskSemPost)
    OSTaskStkChk                             0x08002141   Thumb Code   112  os_task.o(i.OSTaskStkChk)
    OSTaskStkInit                            0x080021b5   Thumb Code   318  os_cpu_c.o(i.OSTaskStkInit)
    OSTaskSuspend                            0x0800235d   Thumb Code    18  os_task.o(i.OSTaskSuspend)
    OSTaskSwHook                             0x08002375   Thumb Code    78  os_cpu_c.o(i.OSTaskSwHook)
    OSTimeDly                                0x080023d1   Thumb Code   108  os_time.o(i.OSTimeDly)
    OSTimeDlyHMSM                            0x08002445   Thumb Code   170  os_time.o(i.OSTimeDlyHMSM)
    OSTimeTick                               0x080024fd   Thumb Code    52  os_time.o(i.OSTimeTick)
    OSTimeTickHook                           0x08002545   Thumb Code    12  os_cpu_c.o(i.OSTimeTickHook)
    OS_CPU_SysTickHandler                    0x08002555   Thumb Code    30  os_cpu_c.o(i.OS_CPU_SysTickHandler)
    OS_Dbg_Init                              0x08002579   Thumb Code     2  os_dbg.o(i.OS_Dbg_Init)
    OS_FlagDbgListAdd                        0x0800257d   Thumb Code    26  os_flag.o(i.OS_FlagDbgListAdd)
    OS_FlagPost                              0x080025a1   Thumb Code   198  os_flag.o(i.OS_FlagPost)
    OS_FlagTaskRdy                           0x08002667   Thumb Code    74  os_flag.o(i.OS_FlagTaskRdy)
    OS_IdleTask                              0x080026b1   Thumb Code    30  os_core.o(i.OS_IdleTask)
    OS_IdleTaskInit                          0x080026d9   Thumb Code    60  os_core.o(i.OS_IdleTaskInit)
    OS_MemInit                               0x08002741   Thumb Code    14  os_mem.o(i.OS_MemInit)
    OS_MsgPoolInit                           0x08002759   Thumb Code    66  os_msg.o(i.OS_MsgPoolInit)
    OS_MsgQGet                               0x080027a9   Thumb Code    72  os_msg.o(i.OS_MsgQGet)
    OS_MsgQInit                              0x080027f5   Thumb Code    14  os_msg.o(i.OS_MsgQInit)
    OS_MsgQPut                               0x08002805   Thumb Code   126  os_msg.o(i.OS_MsgQPut)
    OS_MutexDbgListAdd                       0x08002889   Thumb Code    26  os_mutex.o(i.OS_MutexDbgListAdd)
    OS_MutexGrpPrioFindHighest               0x080028ad   Thumb Code    34  os_mutex.o(i.OS_MutexGrpPrioFindHighest)
    OS_MutexGrpRemove                        0x080028cf   Thumb Code    20  os_mutex.o(i.OS_MutexGrpRemove)
    OS_Pend                                  0x080028e5   Thumb Code    72  os_core.o(i.OS_Pend)
    OS_PendDataInit                          0x08002931   Thumb Code    18  os_core.o(i.OS_PendDataInit)
    OS_PendDbgNameAdd                        0x08002945   Thumb Code    46  os_core.o(i.OS_PendDbgNameAdd)
    OS_PendDbgNameRemove                     0x0800298d   Thumb Code    22  os_core.o(i.OS_PendDbgNameRemove)
    OS_PendListChangePrio                    0x080029a9   Thumb Code    44  os_core.o(i.OS_PendListChangePrio)
    OS_PendListInit                          0x080029d5   Thumb Code    10  os_core.o(i.OS_PendListInit)
    OS_PendListInsertPrio                    0x080029df   Thumb Code    88  os_core.o(i.OS_PendListInsertPrio)
    OS_PendListRemove                        0x08002a37   Thumb Code    38  os_core.o(i.OS_PendListRemove)
    OS_PendListRemove1                       0x08002a5d   Thumb Code    54  os_core.o(i.OS_PendListRemove1)
    OS_Post                                  0x08002a93   Thumb Code   128  os_core.o(i.OS_Post)
    OS_PrioGetHighest                        0x08002b15   Thumb Code    14  os_prio.o(i.OS_PrioGetHighest)
    OS_PrioInit                              0x08002b29   Thumb Code     8  os_prio.o(i.OS_PrioInit)
    OS_PrioInsert                            0x08002b35   Thumb Code    18  os_prio.o(i.OS_PrioInsert)
    OS_PrioRemove                            0x08002b4d   Thumb Code    18  os_prio.o(i.OS_PrioRemove)
    OS_QDbgListAdd                           0x08002b65   Thumb Code    26  os_q.o(i.OS_QDbgListAdd)
    OS_QPost                                 0x08002b89   Thumb Code   110  os_q.o(i.OS_QPost)
    OS_RdyListInit                           0x08002bf9   Thumb Code    30  os_core.o(i.OS_RdyListInit)
    OS_RdyListInsert                         0x08002c1d   Thumb Code    42  os_core.o(i.OS_RdyListInsert)
    OS_RdyListInsertHead                     0x08002c4d   Thumb Code    54  os_core.o(i.OS_RdyListInsertHead)
    OS_RdyListInsertTail                     0x08002c89   Thumb Code    50  os_core.o(i.OS_RdyListInsertTail)
    OS_RdyListRemove                         0x08002cc1   Thumb Code    78  os_core.o(i.OS_RdyListRemove)
    OS_StatTask                              0x08002d15   Thumb Code   416  os_stat.o(i.OS_StatTask)
    OS_StatTaskInit                          0x08002eed   Thumb Code   118  os_stat.o(i.OS_StatTaskInit)
    OS_TaskBlock                             0x08002fa9   Thumb Code    36  os_core.o(i.OS_TaskBlock)
    OS_TaskChangePrio                        0x08002fd1   Thumb Code   178  os_task.o(i.OS_TaskChangePrio)
    OS_TaskDbgListAdd                        0x08003089   Thumb Code    30  os_task.o(i.OS_TaskDbgListAdd)
    OS_TaskInit                              0x080030ad   Thumb Code    18  os_task.o(i.OS_TaskInit)
    OS_TaskInitTCB                           0x080030cd   Thumb Code   160  os_task.o(i.OS_TaskInitTCB)
    OS_TaskReturn                            0x08003179   Thumb Code    24  os_task.o(i.OS_TaskReturn)
    OS_TaskSemPost                           0x08003199   Thumb Code   146  os_task.o(i.OS_TaskSemPost)
    OS_TaskSuspend                           0x08003231   Thumb Code   188  os_task.o(i.OS_TaskSuspend)
    OS_TickListInsert                        0x080032f9   Thumb Code    94  os_tick.o(i.OS_TickListInsert)
    OS_TickListInsertDly                     0x08003359   Thumb Code   124  os_tick.o(i.OS_TickListInsertDly)
    OS_TickListRemove                        0x080033e1   Thumb Code    64  os_tick.o(i.OS_TickListRemove)
    OS_TickTask                              0x0800358d   Thumb Code    58  os_tick.o(i.OS_TickTask)
    OS_TickTaskInit                          0x080035cd   Thumb Code   118  os_tick.o(i.OS_TickTaskInit)
    OS_TmrInit                               0x08003681   Thumb Code   166  os_tmr.o(i.OS_TmrInit)
    OS_TmrTask                               0x080037a9   Thumb Code   104  os_tmr.o(i.OS_TmrTask)
    OS_TmrUnlink                             0x08003819   Thumb Code    50  os_tmr.o(i.OS_TmrUnlink)
    SVC_Handler                              0x08003869   Thumb Code     2  stm32f4xx_it.o(i.SVC_Handler)
    SystemClock_Config                       0x0800386d   Thumb Code   124  main.o(i.SystemClock_Config)
    SystemInit                               0x080038f1   Thumb Code    66  system_stm32f4xx.o(i.SystemInit)
    TIM2_IRQHandler                          0x08003945   Thumb Code     6  stm32f4xx_it.o(i.TIM2_IRQHandler)
    TIM_Base_SetConfig                       0x08003951   Thumb Code   156  stm32f4xx_hal_tim.o(i.TIM_Base_SetConfig)
    TIM_ETR_SetConfig                        0x08003a19   Thumb Code    20  stm32f4xx_hal_tim.o(i.TIM_ETR_SetConfig)
    Task_captureData_init                    0x08003a85   Thumb Code   106  task_capture_data.o(i.Task_captureData_init)
    Task_captureData_task                    0x08003b25   Thumb Code   238  task_capture_data.o(i.Task_captureData_task)
    Task_sendData_init                       0x08003c35   Thumb Code   136  task_send_data.o(i.Task_sendData_init)
    Task_sendData_task                       0x08003cf1   Thumb Code   142  task_send_data.o(i.Task_sendData_task)
    UsageFault_Handler                       0x080040a5   Thumb Code     2  stm32f4xx_it.o(i.UsageFault_Handler)
    __0snprintf                              0x080040a9   Thumb Code    44  printfa.o(i.__0snprintf)
    __1snprintf                              0x080040a9   Thumb Code     0  printfa.o(i.__0snprintf)
    __2snprintf                              0x080040a9   Thumb Code     0  printfa.o(i.__0snprintf)
    __c89snprintf                            0x080040a9   Thumb Code     0  printfa.o(i.__0snprintf)
    snprintf                                 0x080040a9   Thumb Code     0  printfa.o(i.__0snprintf)
    __0sprintf                               0x080040d9   Thumb Code    34  printfa.o(i.__0sprintf)
    __1sprintf                               0x080040d9   Thumb Code     0  printfa.o(i.__0sprintf)
    __2sprintf                               0x080040d9   Thumb Code     0  printfa.o(i.__0sprintf)
    __c89sprintf                             0x080040d9   Thumb Code     0  printfa.o(i.__0sprintf)
    sprintf                                  0x080040d9   Thumb Code     0  printfa.o(i.__0sprintf)
    __scatterload_copy                       0x08004121   Thumb Code    14  handlers.o(i.__scatterload_copy)
    __scatterload_null                       0x0800412f   Thumb Code     2  handlers.o(i.__scatterload_null)
    __scatterload_zeroinit                   0x08004131   Thumb Code    14  handlers.o(i.__scatterload_zeroinit)
    copy_data_buffer                         0x08004a15   Thumb Code    20  task_send_data.o(i.copy_data_buffer)
    correct_data                             0x08004a29   Thumb Code    28  task_send_data.o(i.correct_data)
    error_handling_os                        0x08004a45   Thumb Code     2  debug_functions.o(i.error_handling_os)
    error_handling_other                     0x08004a47   Thumb Code     2  debug_functions.o(i.error_handling_other)
    form_log                                 0x08004a49   Thumb Code   226  log.o(i.form_log)
    init_logs                                0x08004b35   Thumb Code    14  log.o(i.init_logs)
    list_init                                0x08004b49   Thumb Code    64  list.o(i.list_init)
    list_insert_element                      0x08004b95   Thumb Code    46  list.o(i.list_insert_element)
    list_move                                0x08004bc9   Thumb Code    20  list.o(i.list_move)
    log_medium                               0x08004be1   Thumb Code    34  log.o(i.log_medium)
    main                                     0x08004c09   Thumb Code    58  main.o(i.main)
    print_log                                0x08004c5d   Thumb Code    64  log.o(i.print_log)
    print_uart                               0x08004cd5   Thumb Code    56  usart.o(i.print_uart)
    print_uart_ln                            0x08004d11   Thumb Code    78  usart.o(i.print_uart_ln)
    send_data                                0x08004d69   Thumb Code    44  task_send_data.o(i.send_data)
    AHBPrescTable                            0x08004d98   Data          16  system_stm32f4xx.o(.constdata)
    APBPrescTable                            0x08004da8   Data           8  system_stm32f4xx.o(.constdata)
    OSCfg_IdleTaskStkBasePtr                 0x08004db0   Data           4  os_cfg_app.o(.constdata)
    OSCfg_IdleTaskStkLimit                   0x08004db4   Data           4  os_cfg_app.o(.constdata)
    OSCfg_IdleTaskStkSize                    0x08004db8   Data           4  os_cfg_app.o(.constdata)
    OSCfg_ISRStkBasePtr                      0x08004dbc   Data           4  os_cfg_app.o(.constdata)
    OSCfg_ISRStkSize                         0x08004dc0   Data           4  os_cfg_app.o(.constdata)
    OSCfg_MsgPoolSize                        0x08004dc4   Data           2  os_cfg_app.o(.constdata)
    OSCfg_MsgPoolBasePtr                     0x08004dc8   Data           4  os_cfg_app.o(.constdata)
    OSCfg_StatTaskPrio                       0x08004dcc   Data           1  os_cfg_app.o(.constdata)
    OSCfg_StatTaskRate_Hz                    0x08004dd0   Data           4  os_cfg_app.o(.constdata)
    OSCfg_StatTaskStkBasePtr                 0x08004dd4   Data           4  os_cfg_app.o(.constdata)
    OSCfg_StatTaskStkLimit                   0x08004dd8   Data           4  os_cfg_app.o(.constdata)
    OSCfg_StatTaskStkSize                    0x08004ddc   Data           4  os_cfg_app.o(.constdata)
    OSCfg_StkSizeMin                         0x08004de0   Data           4  os_cfg_app.o(.constdata)
    OSCfg_TickRate_Hz                        0x08004de4   Data           4  os_cfg_app.o(.constdata)
    OSCfg_TickTaskPrio                       0x08004de8   Data           1  os_cfg_app.o(.constdata)
    OSCfg_TickTaskStkBasePtr                 0x08004dec   Data           4  os_cfg_app.o(.constdata)
    OSCfg_TickTaskStkLimit                   0x08004df0   Data           4  os_cfg_app.o(.constdata)
    OSCfg_TickTaskStkSize                    0x08004df4   Data           4  os_cfg_app.o(.constdata)
    OSCfg_TmrTaskPrio                        0x08004df8   Data           1  os_cfg_app.o(.constdata)
    OSCfg_TmrTaskRate_Hz                     0x08004dfc   Data           4  os_cfg_app.o(.constdata)
    OSCfg_TmrTaskStkBasePtr                  0x08004e00   Data           4  os_cfg_app.o(.constdata)
    OSCfg_TmrTaskStkLimit                    0x08004e04   Data           4  os_cfg_app.o(.constdata)
    OSCfg_TmrTaskStkSize                     0x08004e08   Data           4  os_cfg_app.o(.constdata)
    Region$$Table$$Base                      0x08004e0c   Number         0  anon$$obj.o(Region$$Table)
    Region$$Table$$Limit                     0x08004e2c   Number         0  anon$$obj.o(Region$$Table)
    Signal_task_capture_data_stop            0x20000000   Data           1  task_capture_data.o(.data)
    data_buffer_counter                      0x20000004   Data           4  task_capture_data.o(.data)
    os_err                                   0x20000008   Data           2  main.o(.data)
    lc                                       0x2000000a   Data           4  main.o(.data)
    current_element                          0x20000010   Data           4  list.o(.data)
    data_buffer_mutex_ts                     0x20000014   Data           4  task_send_data.o(.data)
    uwTickFreq                               0x20000018   Data           1  stm32f4xx_hal.o(.data)
    uwTickPrio                               0x2000001c   Data           4  stm32f4xx_hal.o(.data)
    uwTick                                   0x20000020   Data           4  stm32f4xx_hal.o(.data)
    SystemCoreClock                          0x20000024   Data           4  system_stm32f4xx.o(.data)
    OS_CPU_ExceptStkBase                     0x20000028   Data           4  os_cpu_c.o(.data)
    OSPrioTbl                                0x2000002c   Data           4  os_prio.o(.data)
    OS_AppTaskCreateHookPtr                  0x20000030   Data           4  os_var.o(.data)
    OS_AppTaskDelHookPtr                     0x20000034   Data           4  os_var.o(.data)
    OS_AppTaskReturnHookPtr                  0x20000038   Data           4  os_var.o(.data)
    OS_AppIdleTaskHookPtr                    0x2000003c   Data           4  os_var.o(.data)
    OS_AppStatTaskHookPtr                    0x20000040   Data           4  os_var.o(.data)
    OS_AppTaskSwHookPtr                      0x20000044   Data           4  os_var.o(.data)
    OS_AppTimeTickHookPtr                    0x20000048   Data           4  os_var.o(.data)
    OSIdleTaskCtr                            0x2000004c   Data           4  os_var.o(.data)
    OSIntNestingCtr                          0x20000050   Data           1  os_var.o(.data)
    OSRunning                                0x20000051   Data           1  os_var.o(.data)
    OSInitialized                            0x20000052   Data           1  os_var.o(.data)
    OSFlagDbgListPtr                         0x20000054   Data           4  os_var.o(.data)
    OSFlagQty                                0x20000058   Data           2  os_var.o(.data)
    OSMemDbgListPtr                          0x2000005c   Data           4  os_var.o(.data)
    OSMemQty                                 0x20000060   Data           2  os_var.o(.data)
    OSMutexDbgListPtr                        0x20000064   Data           4  os_var.o(.data)
    OSMutexQty                               0x20000068   Data           2  os_var.o(.data)
    OSPrioCur                                0x2000006a   Data           1  os_var.o(.data)
    OSPrioHighRdy                            0x2000006b   Data           1  os_var.o(.data)
    OSQDbgListPtr                            0x2000006c   Data           4  os_var.o(.data)
    OSQQty                                   0x20000070   Data           2  os_var.o(.data)
    OSSchedLockNestingCtr                    0x20000072   Data           1  os_var.o(.data)
    OSSemDbgListPtr                          0x20000074   Data           4  os_var.o(.data)
    OSSemQty                                 0x20000078   Data           2  os_var.o(.data)
    OSStatResetFlag                          0x2000007a   Data           1  os_var.o(.data)
    OSStatTaskCPUUsage                       0x2000007c   Data           2  os_var.o(.data)
    OSStatTaskCPUUsageMax                    0x2000007e   Data           2  os_var.o(.data)
    OSStatTaskCtr                            0x20000080   Data           4  os_var.o(.data)
    OSStatTaskCtrMax                         0x20000084   Data           4  os_var.o(.data)
    OSStatTaskCtrRun                         0x20000088   Data           4  os_var.o(.data)
    OSStatTaskRdy                            0x2000008c   Data           1  os_var.o(.data)
    OSTaskCtxSwCtr                           0x20000090   Data           4  os_var.o(.data)
    OSTaskDbgListPtr                         0x20000094   Data           4  os_var.o(.data)
    OSTaskQty                                0x20000098   Data           2  os_var.o(.data)
    OSTaskRegNextAvailID                     0x2000009a   Data           1  os_var.o(.data)
    OSTickCtr                                0x2000009c   Data           4  os_var.o(.data)
    OSTickListDly                            0x200000a0   Data           8  os_var.o(.data)
    OSTickListTimeout                        0x200000a8   Data           8  os_var.o(.data)
    OSTmrDbgListPtr                          0x200000b0   Data           4  os_var.o(.data)
    OSTmrListEntries                         0x200000b4   Data           2  os_var.o(.data)
    OSTmrListPtr                             0x200000b8   Data           4  os_var.o(.data)
    OSTmrTickCtr                             0x200000bc   Data           4  os_var.o(.data)
    OSTmrUpdateCnt                           0x200000c0   Data           4  os_var.o(.data)
    OSTmrUpdateCtr                           0x200000c4   Data           4  os_var.o(.data)
    OSTCBCurPtr                              0x200000c8   Data           4  os_var.o(.data)
    OSTCBHighRdyPtr                          0x200000cc   Data           4  os_var.o(.data)
    Task_CaptureData_TCB                     0x200000d0   Data         184  task_capture_data.o(.bss)
    Task_CaptureData_STK                     0x20000188   Data         512  task_capture_data.o(.bss)
    data_buffer                              0x20000388   Data         800  task_capture_data.o(.bss)
    data_pass_queue                          0x200006a8   Data          48  task_capture_data.o(.bss)
    htim2                                    0x200006d8   Data          64  tim.o(.bss)
    huart2                                   0x20000718   Data          64  usart.o(.bss)
    circ_buffer                              0x20000758   Data        1600  list.o(.bss)
    Task_SendData_TCB                        0x20000d98   Data         184  task_send_data.o(.bss)
    DataSending                              0x20000e50   Data          36  task_send_data.o(.bss)
    data_buffer_mutex                        0x20000e74   Data          44  task_send_data.o(.bss)
    Task_SendData_STK                        0x20000ea0   Data         512  task_send_data.o(.bss)
    data_buffer_copy                         0x200010a0   Data         800  task_send_data.o(.bss)
    OSCfg_IdleTaskStk                        0x200013c0   Data        1024  os_cfg_app.o(.bss)
    OSCfg_ISRStk                             0x200017c0   Data        2048  os_cfg_app.o(.bss)
    OSCfg_MsgPool                            0x20001fc0   Data        1200  os_cfg_app.o(.bss)
    OSCfg_StatTaskStk                        0x20002470   Data        2048  os_cfg_app.o(.bss)
    OSCfg_TickTaskStk                        0x20002c70   Data        2048  os_cfg_app.o(.bss)
    OSCfg_TmrTaskStk                         0x20003470   Data        2048  os_cfg_app.o(.bss)
    OSIdleTaskTCB                            0x20003c70   Data         184  os_var.o(.bss)
    OSMsgPool                                0x20003d28   Data          12  os_var.o(.bss)
    OSRdyList                                0x20003d34   Data         384  os_var.o(.bss)
    OSStatTaskTCB                            0x20003eb4   Data         184  os_var.o(.bss)
    OSTickTaskTCB                            0x20003f6c   Data         184  os_var.o(.bss)
    OSTmrMutex                               0x20004024   Data          44  os_var.o(.bss)
    OSTmrTaskTCB                             0x20004050   Data         184  os_var.o(.bss)
    __initial_sp                             0x20004508   Data           0  startup_stm32f446xx.o(STACK)



==============================================================================

Memory Map of the image

  Image Entry point : 0x080001c5

  Load Region LR_IROM1 (Base: 0x08000000, Size: 0x00004efc, Max: 0x00080000, ABSOLUTE)

    Execution Region ER_IROM1 (Exec base: 0x08000000, Load base: 0x08000000, Size: 0x00004e2c, Max: 0x00080000, ABSOLUTE)

    Exec Addr    Load Addr    Size         Type   Attr      Idx    E Section Name        Object

    0x08000000   0x08000000   0x000001c4   Data   RO            3    RESET               startup_stm32f446xx.o
    0x080001c4   0x080001c4   0x00000000   Code   RO         4956  * .ARM.Collect$$$$00000000  mc_w.l(entry.o)
    0x080001c4   0x080001c4   0x00000004   Code   RO         5228    .ARM.Collect$$$$00000001  mc_w.l(entry2.o)
    0x080001c8   0x080001c8   0x00000004   Code   RO         5231    .ARM.Collect$$$$00000004  mc_w.l(entry5.o)
    0x080001cc   0x080001cc   0x00000000   Code   RO         5233    .ARM.Collect$$$$00000008  mc_w.l(entry7b.o)
    0x080001cc   0x080001cc   0x00000000   Code   RO         5235    .ARM.Collect$$$$0000000A  mc_w.l(entry8b.o)
    0x080001cc   0x080001cc   0x00000008   Code   RO         5236    .ARM.Collect$$$$0000000B  mc_w.l(entry9a.o)
    0x080001d4   0x080001d4   0x00000000   Code   RO         5238    .ARM.Collect$$$$0000000D  mc_w.l(entry10a.o)
    0x080001d4   0x080001d4   0x00000000   Code   RO         5240    .ARM.Collect$$$$0000000F  mc_w.l(entry11a.o)
    0x080001d4   0x080001d4   0x00000004   Code   RO         5229    .ARM.Collect$$$$00002712  mc_w.l(entry2.o)
    0x080001d8   0x080001d8   0x00000024   Code   RO            4    .text               startup_stm32f446xx.o
    0x080001fc   0x080001fc   0x00000034   Code   RO         3211    .text               cpu_a.o
    0x08000230   0x08000230   0x00000062   Code   RO         4959    .text               mc_w.l(uldiv.o)
    0x08000292   0x08000292   0x00000024   Code   RO         4961    .text               mc_w.l(memseta.o)
    0x080002b6   0x080002b6   0x0000000e   Code   RO         4963    .text               mc_w.l(strlen.o)
    0x080002c4   0x080002c4   0x00000012   Code   RO         4965    .text               mc_w.l(strcpy.o)
    0x080002d6   0x080002d6   0x0000002c   Code   RO         5245    .text               mc_w.l(uidiv.o)
    0x08000302   0x08000302   0x0000001e   Code   RO         5247    .text               mc_w.l(llshl.o)
    0x08000320   0x08000320   0x00000020   Code   RO         5249    .text               mc_w.l(llushr.o)
    0x08000340   0x08000340   0x00000000   Code   RO         5251    .text               mc_w.l(iusefp.o)
    0x08000340   0x08000340   0x0000014e   Code   RO         5252    .text               mf_w.l(dadd.o)
    0x0800048e   0x0800048e   0x000000e4   Code   RO         5254    .text               mf_w.l(dmul.o)
    0x08000572   0x08000572   0x000000de   Code   RO         5256    .text               mf_w.l(ddiv.o)
    0x08000650   0x08000650   0x00000030   Code   RO         5258    .text               mf_w.l(dfixul.o)
    0x08000680   0x08000680   0x00000030   Code   RO         5260    .text               mf_w.l(cdrcmple.o)
    0x080006b0   0x080006b0   0x00000024   Code   RO         5262    .text               mc_w.l(init.o)
    0x080006d4   0x080006d4   0x00000024   Code   RO         5265    .text               mc_w.l(llsshr.o)
    0x080006f8   0x080006f8   0x000000ba   Code   RO         5268    .text               mf_w.l(depilogue.o)
    0x080007b2   0x080007b2   0x00000002   PAD
    0x080007b4   0x080007b4   0x0000000c   Code   RO           10    CODE                cortex_m_ports.o
    0x080007c0   0x080007c0   0x00000124   Code   RO         3828    CODE                os_cpu_a.o
    0x080008e4   0x080008e4   0x00000002   Code   RO          437    i.BusFault_Handler  stm32f4xx_it.o
    0x080008e6   0x080008e6   0x00000002   Code   RO          438    i.DebugMon_Handler  stm32f4xx_it.o
    0x080008e8   0x080008e8   0x00000002   Code   RO          246    i.Error_Handler     main.o
    0x080008ea   0x080008ea   0x00000002   PAD
    0x080008ec   0x080008ec   0x000001a4   Code   RO         2384    i.HAL_GPIO_Init     stm32f4xx_hal_gpio.o
    0x08000a90   0x08000a90   0x0000000a   Code   RO         2386    i.HAL_GPIO_ReadPin  stm32f4xx_hal_gpio.o
    0x08000a9a   0x08000a9a   0x0000000e   Code   RO         2387    i.HAL_GPIO_TogglePin  stm32f4xx_hal_gpio.o
    0x08000aa8   0x08000aa8   0x0000000a   Code   RO         2388    i.HAL_GPIO_WritePin  stm32f4xx_hal_gpio.o
    0x08000ab2   0x08000ab2   0x00000002   PAD
    0x08000ab4   0x08000ab4   0x0000000c   Code   RO         2934    i.HAL_GetTick       stm32f4xx_hal.o
    0x08000ac0   0x08000ac0   0x00000034   Code   RO         2941    i.HAL_Init          stm32f4xx_hal.o
    0x08000af4   0x08000af4   0x00000040   Code   RO         2942    i.HAL_InitTick      stm32f4xx_hal.o
    0x08000b34   0x08000b34   0x00000034   Code   RO          507    i.HAL_MspInit       stm32f4xx_hal_msp.o
    0x08000b68   0x08000b68   0x0000001a   Code   RO         2791    i.HAL_NVIC_EnableIRQ  stm32f4xx_hal_cortex.o
    0x08000b82   0x08000b82   0x00000002   PAD
    0x08000b84   0x08000b84   0x00000040   Code   RO         2797    i.HAL_NVIC_SetPriority  stm32f4xx_hal_cortex.o
    0x08000bc4   0x08000bc4   0x00000024   Code   RO         2798    i.HAL_NVIC_SetPriorityGrouping  stm32f4xx_hal_cortex.o
    0x08000be8   0x08000be8   0x00000130   Code   RO         1946    i.HAL_RCC_ClockConfig  stm32f4xx_hal_rcc.o
    0x08000d18   0x08000d18   0x00000020   Code   RO         1953    i.HAL_RCC_GetPCLK1Freq  stm32f4xx_hal_rcc.o
    0x08000d38   0x08000d38   0x00000020   Code   RO         1954    i.HAL_RCC_GetPCLK2Freq  stm32f4xx_hal_rcc.o
    0x08000d58   0x08000d58   0x00000094   Code   RO         2057    i.HAL_RCC_GetSysClockFreq  stm32f4xx_hal_rcc_ex.o
    0x08000dec   0x08000dec   0x00000344   Code   RO         2058    i.HAL_RCC_OscConfig  stm32f4xx_hal_rcc_ex.o
    0x08001130   0x08001130   0x00000028   Code   RO         2802    i.HAL_SYSTICK_Config  stm32f4xx_hal_cortex.o
    0x08001158   0x08001158   0x00000002   Code   RO         1368    i.HAL_TIMEx_BreakCallback  stm32f4xx_hal_tim_ex.o
    0x0800115a   0x0800115a   0x00000002   Code   RO         1369    i.HAL_TIMEx_CommutCallback  stm32f4xx_hal_tim_ex.o
    0x0800115c   0x0800115c   0x00000042   Code   RO         1386    i.HAL_TIMEx_MasterConfigSynchronization  stm32f4xx_hal_tim_ex.o
    0x0800119e   0x0800119e   0x00000036   Code   RO          693    i.HAL_TIM_Base_Init  stm32f4xx_hal_tim.o
    0x080011d4   0x080011d4   0x00000038   Code   RO          331    i.HAL_TIM_Base_MspInit  tim.o
    0x0800120c   0x0800120c   0x00000022   Code   RO          698    i.HAL_TIM_Base_Start_IT  stm32f4xx_hal_tim.o
    0x0800122e   0x0800122e   0x000000d6   Code   RO          702    i.HAL_TIM_ConfigClockSource  stm32f4xx_hal_tim.o
    0x08001304   0x08001304   0x00000002   Code   RO          722    i.HAL_TIM_IC_CaptureCallback  stm32f4xx_hal_tim.o
    0x08001306   0x08001306   0x00000166   Code   RO          736    i.HAL_TIM_IRQHandler  stm32f4xx_hal_tim.o
    0x0800146c   0x0800146c   0x00000002   Code   RO          739    i.HAL_TIM_OC_DelayElapsedCallback  stm32f4xx_hal_tim.o
    0x0800146e   0x0800146e   0x00000002   Code   RO          766    i.HAL_TIM_PWM_PulseFinishedCallback  stm32f4xx_hal_tim.o
    0x08001470   0x08001470   0x0000000c   Code   RO          332    i.HAL_TIM_PeriodElapsedCallback  tim.o
    0x0800147c   0x0800147c   0x00000002   Code   RO          779    i.HAL_TIM_TriggerCallback  stm32f4xx_hal_tim.o
    0x0800147e   0x0800147e   0x00000062   Code   RO         1644    i.HAL_UART_Init     stm32f4xx_hal_uart.o
    0x080014e0   0x080014e0   0x00000068   Code   RO          380    i.HAL_UART_MspInit  usart.o
    0x08001548   0x08001548   0x000000ba   Code   RO         1652    i.HAL_UART_Transmit  stm32f4xx_hal_uart.o
    0x08001602   0x08001602   0x00000002   Code   RO          439    i.HardFault_Handler  stm32f4xx_it.o
    0x08001604   0x08001604   0x000000ac   Code   RO          306    i.MX_GPIO_Init      gpio.o
    0x080016b0   0x080016b0   0x0000006c   Code   RO          333    i.MX_TIM2_Init      tim.o
    0x0800171c   0x0800171c   0x00000038   Code   RO          381    i.MX_USART2_UART_Init  usart.o
    0x08001754   0x08001754   0x00000002   Code   RO          440    i.MemManage_Handler  stm32f4xx_it.o
    0x08001756   0x08001756   0x00000002   Code   RO          441    i.NMI_Handler       stm32f4xx_it.o
    0x08001758   0x08001758   0x00000002   Code   RO         3916    i.OSCfg_Init        os_cfg_app.o
    0x0800175a   0x0800175a   0x00000002   PAD
    0x0800175c   0x0800175c   0x00000048   Code   RO         4169    i.OSFlagCreate      os_flag.o
    0x080017a4   0x080017a4   0x0000000e   Code   RO         4172    i.OSFlagPost        os_flag.o
    0x080017b2   0x080017b2   0x00000002   PAD
    0x080017b4   0x080017b4   0x00000010   Code   RO         3831    i.OSIdleTaskHook    os_cpu_c.o
    0x080017c4   0x080017c4   0x00000150   Code   RO         3977    i.OSInit            os_core.o
    0x08001914   0x08001914   0x00000024   Code   RO         3832    i.OSInitHook        os_cpu_c.o
    0x08001938   0x08001938   0x00000084   Code   RO         3979    i.OSIntExit         os_core.o
    0x080019bc   0x080019bc   0x0000004c   Code   RO         4313    i.OSMutexCreate     os_mutex.o
    0x08001a08   0x08001a08   0x000000f8   Code   RO         4314    i.OSMutexPend       os_mutex.o
    0x08001b00   0x08001b00   0x000000fc   Code   RO         4315    i.OSMutexPost       os_mutex.o
    0x08001bfc   0x08001bfc   0x00000050   Code   RO         4420    i.OSQCreate         os_q.o
    0x08001c4c   0x08001c4c   0x000000f0   Code   RO         4421    i.OSQPend           os_q.o
    0x08001d3c   0x08001d3c   0x00000010   Code   RO         4423    i.OSQPost           os_q.o
    0x08001d4c   0x08001d4c   0x0000007c   Code   RO         3980    i.OSSched           os_core.o
    0x08001dc8   0x08001dc8   0x0000003c   Code   RO         3981    i.OSSchedLock       os_core.o
    0x08001e04   0x08001e04   0x00000050   Code   RO         3982    i.OSSchedUnlock     os_core.o
    0x08001e54   0x08001e54   0x0000007c   Code   RO         3983    i.OSStart           os_core.o
    0x08001ed0   0x08001ed0   0x00000080   Code   RO         4534    i.OSStatReset       os_stat.o
    0x08001f50   0x08001f50   0x00000010   Code   RO         3833    i.OSStatTaskHook    os_cpu_c.o
    0x08001f60   0x08001f60   0x00000108   Code   RO         4565    i.OSTaskCreate      os_task.o
    0x08002068   0x08002068   0x00000010   Code   RO         3834    i.OSTaskCreateHook  os_cpu_c.o
    0x08002078   0x08002078   0x00000010   Code   RO         3836    i.OSTaskReturnHook  os_cpu_c.o
    0x08002088   0x08002088   0x000000b0   Code   RO         4573    i.OSTaskSemPend     os_task.o
    0x08002138   0x08002138   0x00000008   Code   RO         4575    i.OSTaskSemPost     os_task.o
    0x08002140   0x08002140   0x00000074   Code   RO         4577    i.OSTaskStkChk      os_task.o
    0x080021b4   0x080021b4   0x000001a8   Code   RO         3837    i.OSTaskStkInit     os_cpu_c.o
    0x0800235c   0x0800235c   0x00000018   Code   RO         4578    i.OSTaskSuspend     os_task.o
    0x08002374   0x08002374   0x0000005c   Code   RO         3838    i.OSTaskSwHook      os_cpu_c.o
    0x080023d0   0x080023d0   0x00000074   Code   RO         4766    i.OSTimeDly         os_time.o
    0x08002444   0x08002444   0x000000b8   Code   RO         4767    i.OSTimeDlyHMSM     os_time.o
    0x080024fc   0x080024fc   0x00000048   Code   RO         4770    i.OSTimeTick        os_time.o
    0x08002544   0x08002544   0x00000010   Code   RO         3839    i.OSTimeTickHook    os_cpu_c.o
    0x08002554   0x08002554   0x00000024   Code   RO         3840    i.OS_CPU_SysTickHandler  os_cpu_c.o
    0x08002578   0x08002578   0x00000002   Code   RO         4152    i.OS_Dbg_Init       os_dbg.o
    0x0800257a   0x0800257a   0x00000002   PAD
    0x0800257c   0x0800257c   0x00000024   Code   RO         4175    i.OS_FlagDbgListAdd  os_flag.o
    0x080025a0   0x080025a0   0x000000c6   Code   RO         4177    i.OS_FlagPost       os_flag.o
    0x08002666   0x08002666   0x0000004a   Code   RO         4178    i.OS_FlagTaskRdy    os_flag.o
    0x080026b0   0x080026b0   0x00000028   Code   RO         3985    i.OS_IdleTask       os_core.o
    0x080026d8   0x080026d8   0x00000068   Code   RO         3986    i.OS_IdleTaskInit   os_core.o
    0x08002740   0x08002740   0x00000018   Code   RO         4245    i.OS_MemInit        os_mem.o
    0x08002758   0x08002758   0x00000050   Code   RO         4277    i.OS_MsgPoolInit    os_msg.o
    0x080027a8   0x080027a8   0x0000004c   Code   RO         4279    i.OS_MsgQGet        os_msg.o
    0x080027f4   0x080027f4   0x0000000e   Code   RO         4280    i.OS_MsgQInit       os_msg.o
    0x08002802   0x08002802   0x00000002   PAD
    0x08002804   0x08002804   0x00000084   Code   RO         4281    i.OS_MsgQPut        os_msg.o
    0x08002888   0x08002888   0x00000024   Code   RO         4317    i.OS_MutexDbgListAdd  os_mutex.o
    0x080028ac   0x080028ac   0x00000022   Code   RO         4321    i.OS_MutexGrpPrioFindHighest  os_mutex.o
    0x080028ce   0x080028ce   0x00000014   Code   RO         4322    i.OS_MutexGrpRemove  os_mutex.o
    0x080028e2   0x080028e2   0x00000002   PAD
    0x080028e4   0x080028e4   0x0000004c   Code   RO         3987    i.OS_Pend           os_core.o
    0x08002930   0x08002930   0x00000012   Code   RO         3989    i.OS_PendDataInit   os_core.o
    0x08002942   0x08002942   0x00000002   PAD
    0x08002944   0x08002944   0x00000048   Code   RO         3990    i.OS_PendDbgNameAdd  os_core.o
    0x0800298c   0x0800298c   0x0000001c   Code   RO         3991    i.OS_PendDbgNameRemove  os_core.o
    0x080029a8   0x080029a8   0x0000002c   Code   RO         3992    i.OS_PendListChangePrio  os_core.o
    0x080029d4   0x080029d4   0x0000000a   Code   RO         3993    i.OS_PendListInit   os_core.o
    0x080029de   0x080029de   0x00000058   Code   RO         3994    i.OS_PendListInsertPrio  os_core.o
    0x08002a36   0x08002a36   0x00000026   Code   RO         3995    i.OS_PendListRemove  os_core.o
    0x08002a5c   0x08002a5c   0x00000036   Code   RO         3996    i.OS_PendListRemove1  os_core.o
    0x08002a92   0x08002a92   0x00000080   Code   RO         3998    i.OS_Post           os_core.o
    0x08002b12   0x08002b12   0x00000002   PAD
    0x08002b14   0x08002b14   0x00000014   Code   RO         4383    i.OS_PrioGetHighest  os_prio.o
    0x08002b28   0x08002b28   0x0000000c   Code   RO         4384    i.OS_PrioInit       os_prio.o
    0x08002b34   0x08002b34   0x00000018   Code   RO         4385    i.OS_PrioInsert     os_prio.o
    0x08002b4c   0x08002b4c   0x00000018   Code   RO         4386    i.OS_PrioRemove     os_prio.o
    0x08002b64   0x08002b64   0x00000024   Code   RO         4425    i.OS_QDbgListAdd    os_q.o
    0x08002b88   0x08002b88   0x0000006e   Code   RO         4427    i.OS_QPost          os_q.o
    0x08002bf6   0x08002bf6   0x00000002   PAD
    0x08002bf8   0x08002bf8   0x00000024   Code   RO         3999    i.OS_RdyListInit    os_core.o
    0x08002c1c   0x08002c1c   0x00000030   Code   RO         4000    i.OS_RdyListInsert  os_core.o
    0x08002c4c   0x08002c4c   0x0000003c   Code   RO         4001    i.OS_RdyListInsertHead  os_core.o
    0x08002c88   0x08002c88   0x00000038   Code   RO         4002    i.OS_RdyListInsertTail  os_core.o
    0x08002cc0   0x08002cc0   0x00000054   Code   RO         4004    i.OS_RdyListRemove  os_core.o
    0x08002d14   0x08002d14   0x000001d8   Code   RO         4536    i.OS_StatTask       os_stat.o
    0x08002eec   0x08002eec   0x000000bc   Code   RO         4537    i.OS_StatTaskInit   os_stat.o
    0x08002fa8   0x08002fa8   0x00000028   Code   RO         4005    i.OS_TaskBlock      os_core.o
    0x08002fd0   0x08002fd0   0x000000b8   Code   RO         4579    i.OS_TaskChangePrio  os_task.o
    0x08003088   0x08003088   0x00000024   Code   RO         4580    i.OS_TaskDbgListAdd  os_task.o
    0x080030ac   0x080030ac   0x00000020   Code   RO         4582    i.OS_TaskInit       os_task.o
    0x080030cc   0x080030cc   0x000000ac   Code   RO         4583    i.OS_TaskInitTCB    os_task.o
    0x08003178   0x08003178   0x00000020   Code   RO         4586    i.OS_TaskReturn     os_task.o
    0x08003198   0x08003198   0x00000098   Code   RO         4587    i.OS_TaskSemPost    os_task.o
    0x08003230   0x08003230   0x000000c8   Code   RO         4588    i.OS_TaskSuspend    os_task.o
    0x080032f8   0x080032f8   0x0000005e   Code   RO         4720    i.OS_TickListInsert  os_tick.o
    0x08003356   0x08003356   0x00000002   PAD
    0x08003358   0x08003358   0x00000088   Code   RO         4721    i.OS_TickListInsertDly  os_tick.o
    0x080033e0   0x080033e0   0x00000040   Code   RO         4722    i.OS_TickListRemove  os_tick.o
    0x08003420   0x08003420   0x00000080   Code   RO         4723    i.OS_TickListUpdateDly  os_tick.o
    0x080034a0   0x080034a0   0x000000ec   Code   RO         4724    i.OS_TickListUpdateTimeout  os_tick.o
    0x0800358c   0x0800358c   0x00000040   Code   RO         4725    i.OS_TickTask       os_tick.o
    0x080035cc   0x080035cc   0x000000b4   Code   RO         4726    i.OS_TickTaskInit   os_tick.o
    0x08003680   0x08003680   0x00000110   Code   RO         4811    i.OS_TmrInit        os_tmr.o
    0x08003790   0x08003790   0x00000018   Code   RO         4812    i.OS_TmrLock        os_tmr.o
    0x080037a8   0x080037a8   0x00000070   Code   RO         4813    i.OS_TmrTask        os_tmr.o
    0x08003818   0x08003818   0x0000003c   Code   RO         4814    i.OS_TmrUnlink      os_tmr.o
    0x08003854   0x08003854   0x00000014   Code   RO         4815    i.OS_TmrUnlock      os_tmr.o
    0x08003868   0x08003868   0x00000002   Code   RO          442    i.SVC_Handler       stm32f4xx_it.o
    0x0800386a   0x0800386a   0x00000002   PAD
    0x0800386c   0x0800386c   0x00000084   Code   RO          247    i.SystemClock_Config  main.o
    0x080038f0   0x080038f0   0x00000054   Code   RO         3177    i.SystemInit        system_stm32f4xx.o
    0x08003944   0x08003944   0x0000000c   Code   RO          443    i.TIM2_IRQHandler   stm32f4xx_it.o
    0x08003950   0x08003950   0x000000c8   Code   RO          781    i.TIM_Base_SetConfig  stm32f4xx_hal_tim.o
    0x08003a18   0x08003a18   0x00000014   Code   RO          792    i.TIM_ETR_SetConfig  stm32f4xx_hal_tim.o
    0x08003a2c   0x08003a2c   0x00000010   Code   RO          793    i.TIM_ITRx_SetConfig  stm32f4xx_hal_tim.o
    0x08003a3c   0x08003a3c   0x00000022   Code   RO          799    i.TIM_TI1_ConfigInputStage  stm32f4xx_hal_tim.o
    0x08003a5e   0x08003a5e   0x00000024   Code   RO          801    i.TIM_TI2_ConfigInputStage  stm32f4xx_hal_tim.o
    0x08003a82   0x08003a82   0x00000002   PAD
    0x08003a84   0x08003a84   0x000000a0   Code   RO           16    i.Task_captureData_init  task_capture_data.o
    0x08003b24   0x08003b24   0x00000110   Code   RO           17    i.Task_captureData_task  task_capture_data.o
    0x08003c34   0x08003c34   0x000000bc   Code   RO          637    i.Task_sendData_init  task_send_data.o
    0x08003cf0   0x08003cf0   0x000000a4   Code   RO          638    i.Task_sendData_task  task_send_data.o
    0x08003d94   0x08003d94   0x000002ac   Code   RO         1670    i.UART_SetConfig    stm32f4xx_hal_uart.o
    0x08004040   0x08004040   0x00000064   Code   RO         1672    i.UART_WaitOnFlagUntilTimeout  stm32f4xx_hal_uart.o
    0x080040a4   0x080040a4   0x00000002   Code   RO          444    i.UsageFault_Handler  stm32f4xx_it.o
    0x080040a6   0x080040a6   0x00000002   PAD
    0x080040a8   0x080040a8   0x00000030   Code   RO         5201    i.__0snprintf       mc_w.l(printfa.o)
    0x080040d8   0x080040d8   0x00000028   Code   RO         5202    i.__0sprintf        mc_w.l(printfa.o)
    0x08004100   0x08004100   0x00000020   Code   RO         2804    i.__NVIC_SetPriority  stm32f4xx_hal_cortex.o
    0x08004120   0x08004120   0x0000000e   Code   RO         5272    i.__scatterload_copy  mc_w.l(handlers.o)
    0x0800412e   0x0800412e   0x00000002   Code   RO         5273    i.__scatterload_null  mc_w.l(handlers.o)
    0x08004130   0x08004130   0x0000000e   Code   RO         5274    i.__scatterload_zeroinit  mc_w.l(handlers.o)
    0x0800413e   0x0800413e   0x00000002   PAD
    0x08004140   0x08004140   0x00000184   Code   RO         5207    i._fp_digits        mc_w.l(printfa.o)
    0x080042c4   0x080042c4   0x000006dc   Code   RO         5208    i._printf_core      mc_w.l(printfa.o)
    0x080049a0   0x080049a0   0x00000024   Code   RO         5209    i._printf_post_padding  mc_w.l(printfa.o)
    0x080049c4   0x080049c4   0x0000002e   Code   RO         5210    i._printf_pre_padding  mc_w.l(printfa.o)
    0x080049f2   0x080049f2   0x00000016   Code   RO         5211    i._snputc           mc_w.l(printfa.o)
    0x08004a08   0x08004a08   0x0000000a   Code   RO         5212    i._sputc            mc_w.l(printfa.o)
    0x08004a12   0x08004a12   0x00000002   PAD
    0x08004a14   0x08004a14   0x00000014   Code   RO          639    i.copy_data_buffer  task_send_data.o
    0x08004a28   0x08004a28   0x0000001c   Code   RO          640    i.correct_data      task_send_data.o
    0x08004a44   0x08004a44   0x00000002   Code   RO          218    i.error_handling_os  debug_functions.o
    0x08004a46   0x08004a46   0x00000002   Code   RO          219    i.error_handling_other  debug_functions.o
    0x08004a48   0x08004a48   0x000000ec   Code   RO          531    i.form_log          log.o
    0x08004b34   0x08004b34   0x00000014   Code   RO          532    i.init_logs         log.o
    0x08004b48   0x08004b48   0x0000004c   Code   RO          585    i.list_init         list.o
    0x08004b94   0x08004b94   0x00000034   Code   RO          586    i.list_insert_element  list.o
    0x08004bc8   0x08004bc8   0x00000018   Code   RO          587    i.list_move         list.o
    0x08004be0   0x08004be0   0x00000028   Code   RO          535    i.log_medium        log.o
    0x08004c08   0x08004c08   0x00000054   Code   RO          248    i.main              main.o
    0x08004c5c   0x08004c5c   0x00000078   Code   RO          536    i.print_log         log.o
    0x08004cd4   0x08004cd4   0x0000003c   Code   RO          382    i.print_uart        usart.o
    0x08004d10   0x08004d10   0x00000058   Code   RO          383    i.print_uart_ln     usart.o
    0x08004d68   0x08004d68   0x00000030   Code   RO          641    i.send_data         task_send_data.o
    0x08004d98   0x08004d98   0x00000010   Data   RO         3178    .constdata          system_stm32f4xx.o
    0x08004da8   0x08004da8   0x00000008   Data   RO         3179    .constdata          system_stm32f4xx.o
    0x08004db0   0x08004db0   0x00000004   Data   RO         3923    .constdata          os_cfg_app.o
    0x08004db4   0x08004db4   0x00000004   Data   RO         3924    .constdata          os_cfg_app.o
    0x08004db8   0x08004db8   0x00000004   Data   RO         3925    .constdata          os_cfg_app.o
    0x08004dbc   0x08004dbc   0x00000004   Data   RO         3934    .constdata          os_cfg_app.o
    0x08004dc0   0x08004dc0   0x00000004   Data   RO         3935    .constdata          os_cfg_app.o
    0x08004dc4   0x08004dc4   0x00000002   Data   RO         3937    .constdata          os_cfg_app.o
    0x08004dc6   0x08004dc6   0x00000002   PAD
    0x08004dc8   0x08004dc8   0x00000004   Data   RO         3939    .constdata          os_cfg_app.o
    0x08004dcc   0x08004dcc   0x00000001   Data   RO         3940    .constdata          os_cfg_app.o
    0x08004dcd   0x08004dcd   0x00000003   PAD
    0x08004dd0   0x08004dd0   0x00000004   Data   RO         3941    .constdata          os_cfg_app.o
    0x08004dd4   0x08004dd4   0x00000004   Data   RO         3942    .constdata          os_cfg_app.o
    0x08004dd8   0x08004dd8   0x00000004   Data   RO         3943    .constdata          os_cfg_app.o
    0x08004ddc   0x08004ddc   0x00000004   Data   RO         3944    .constdata          os_cfg_app.o
    0x08004de0   0x08004de0   0x00000004   Data   RO         3946    .constdata          os_cfg_app.o
    0x08004de4   0x08004de4   0x00000004   Data   RO         3947    .constdata          os_cfg_app.o
    0x08004de8   0x08004de8   0x00000001   Data   RO         3948    .constdata          os_cfg_app.o
    0x08004de9   0x08004de9   0x00000003   PAD
    0x08004dec   0x08004dec   0x00000004   Data   RO         3949    .constdata          os_cfg_app.o
    0x08004df0   0x08004df0   0x00000004   Data   RO         3950    .constdata          os_cfg_app.o
    0x08004df4   0x08004df4   0x00000004   Data   RO         3951    .constdata          os_cfg_app.o
    0x08004df8   0x08004df8   0x00000001   Data   RO         3953    .constdata          os_cfg_app.o
    0x08004df9   0x08004df9   0x00000003   PAD
    0x08004dfc   0x08004dfc   0x00000004   Data   RO         3954    .constdata          os_cfg_app.o
    0x08004e00   0x08004e00   0x00000004   Data   RO         3955    .constdata          os_cfg_app.o
    0x08004e04   0x08004e04   0x00000004   Data   RO         3956    .constdata          os_cfg_app.o
    0x08004e08   0x08004e08   0x00000004   Data   RO         3957    .constdata          os_cfg_app.o
    0x08004e0c   0x08004e0c   0x00000020   Data   RO         5270    Region$$Table       anon$$obj.o


    Execution Region RW_IRAM1 (Exec base: 0x20000000, Load base: 0x08004e2c, Size: 0x00004508, Max: 0x00020000, ABSOLUTE)

    Exec Addr    Load Addr    Size         Type   Attr      Idx    E Section Name        Object

    0x20000000   0x08004e2c   0x00000008   Data   RW           19    .data               task_capture_data.o
    0x20000008   0x08004e34   0x00000002   Data   RW          249    .data               main.o
    0x2000000a   0x08004e36   0x00000004   Data   RW          250    .data               main.o
    0x2000000e   0x08004e3a   0x00000002   PAD
    0x20000010   0x08004e3c   0x00000004   Data   RW          590    .data               list.o
    0x20000014   0x08004e40   0x00000004   Data   RW          643    .data               task_send_data.o
    0x20000018   0x08004e44   0x0000000c   Data   RW         2948    .data               stm32f4xx_hal.o
    0x20000024   0x08004e50   0x00000004   Data   RW         3180    .data               system_stm32f4xx.o
    0x20000028   0x08004e54   0x00000004   Data   RW         3842    .data               os_cpu_c.o
    0x2000002c   0x08004e58   0x00000004   Data   RW         4387    .data               os_prio.o
    0x20000030   0x08004e5c   0x00000004   Data   RW         4897    .data               os_var.o
    0x20000034   0x08004e60   0x00000004   Data   RW         4898    .data               os_var.o
    0x20000038   0x08004e64   0x00000004   Data   RW         4899    .data               os_var.o
    0x2000003c   0x08004e68   0x00000004   Data   RW         4900    .data               os_var.o
    0x20000040   0x08004e6c   0x00000004   Data   RW         4901    .data               os_var.o
    0x20000044   0x08004e70   0x00000004   Data   RW         4902    .data               os_var.o
    0x20000048   0x08004e74   0x00000004   Data   RW         4903    .data               os_var.o
    0x2000004c   0x08004e78   0x00000004   Data   RW         4904    .data               os_var.o
    0x20000050   0x08004e7c   0x00000001   Data   RW         4905    .data               os_var.o
    0x20000051   0x08004e7d   0x00000001   Data   RW         4906    .data               os_var.o
    0x20000052   0x08004e7e   0x00000001   Data   RW         4907    .data               os_var.o
    0x20000053   0x08004e7f   0x00000001   PAD
    0x20000054   0x08004e80   0x00000004   Data   RW         4908    .data               os_var.o
    0x20000058   0x08004e84   0x00000002   Data   RW         4909    .data               os_var.o
    0x2000005a   0x08004e86   0x00000002   PAD
    0x2000005c   0x08004e88   0x00000004   Data   RW         4910    .data               os_var.o
    0x20000060   0x08004e8c   0x00000002   Data   RW         4911    .data               os_var.o
    0x20000062   0x08004e8e   0x00000002   PAD
    0x20000064   0x08004e90   0x00000004   Data   RW         4912    .data               os_var.o
    0x20000068   0x08004e94   0x00000002   Data   RW         4913    .data               os_var.o
    0x2000006a   0x08004e96   0x00000001   Data   RW         4914    .data               os_var.o
    0x2000006b   0x08004e97   0x00000001   Data   RW         4915    .data               os_var.o
    0x2000006c   0x08004e98   0x00000004   Data   RW         4916    .data               os_var.o
    0x20000070   0x08004e9c   0x00000002   Data   RW         4917    .data               os_var.o
    0x20000072   0x08004e9e   0x00000001   Data   RW         4918    .data               os_var.o
    0x20000073   0x08004e9f   0x00000001   PAD
    0x20000074   0x08004ea0   0x00000004   Data   RW         4919    .data               os_var.o
    0x20000078   0x08004ea4   0x00000002   Data   RW         4920    .data               os_var.o
    0x2000007a   0x08004ea6   0x00000001   Data   RW         4921    .data               os_var.o
    0x2000007b   0x08004ea7   0x00000001   PAD
    0x2000007c   0x08004ea8   0x00000002   Data   RW         4922    .data               os_var.o
    0x2000007e   0x08004eaa   0x00000002   Data   RW         4923    .data               os_var.o
    0x20000080   0x08004eac   0x00000004   Data   RW         4924    .data               os_var.o
    0x20000084   0x08004eb0   0x00000004   Data   RW         4925    .data               os_var.o
    0x20000088   0x08004eb4   0x00000004   Data   RW         4926    .data               os_var.o
    0x2000008c   0x08004eb8   0x00000001   Data   RW         4927    .data               os_var.o
    0x2000008d   0x08004eb9   0x00000003   PAD
    0x20000090   0x08004ebc   0x00000004   Data   RW         4928    .data               os_var.o
    0x20000094   0x08004ec0   0x00000004   Data   RW         4929    .data               os_var.o
    0x20000098   0x08004ec4   0x00000002   Data   RW         4930    .data               os_var.o
    0x2000009a   0x08004ec6   0x00000001   Data   RW         4931    .data               os_var.o
    0x2000009b   0x08004ec7   0x00000001   PAD
    0x2000009c   0x08004ec8   0x00000004   Data   RW         4932    .data               os_var.o
    0x200000a0   0x08004ecc   0x00000008   Data   RW         4933    .data               os_var.o
    0x200000a8   0x08004ed4   0x00000008   Data   RW         4934    .data               os_var.o
    0x200000b0   0x08004edc   0x00000004   Data   RW         4935    .data               os_var.o
    0x200000b4   0x08004ee0   0x00000002   Data   RW         4936    .data               os_var.o
    0x200000b6   0x08004ee2   0x00000002   PAD
    0x200000b8   0x08004ee4   0x00000004   Data   RW         4937    .data               os_var.o
    0x200000bc   0x08004ee8   0x00000004   Data   RW         4939    .data               os_var.o
    0x200000c0   0x08004eec   0x00000004   Data   RW         4940    .data               os_var.o
    0x200000c4   0x08004ef0   0x00000004   Data   RW         4941    .data               os_var.o
    0x200000c8   0x08004ef4   0x00000004   Data   RW         4942    .data               os_var.o
    0x200000cc   0x08004ef8   0x00000004   Data   RW         4943    .data               os_var.o
    0x200000d0        -       0x00000608   Zero   RW           18    .bss                task_capture_data.o
    0x200006d8        -       0x00000040   Zero   RW          334    .bss                tim.o
    0x20000718        -       0x00000040   Zero   RW          384    .bss                usart.o
    0x20000758        -       0x00000640   Zero   RW          589    .bss                list.o
    0x20000d98        -       0x00000628   Zero   RW          642    .bss                task_send_data.o
    0x200013c0        -       0x00000400   Zero   RW         3917    .bss                os_cfg_app.o
    0x200017c0        -       0x00000800   Zero   RW         3918    .bss                os_cfg_app.o
    0x20001fc0        -       0x000004b0   Zero   RW         3919    .bss                os_cfg_app.o
    0x20002470        -       0x00000800   Zero   RW         3920    .bss                os_cfg_app.o
    0x20002c70        -       0x00000800   Zero   RW         3921    .bss                os_cfg_app.o
    0x20003470        -       0x00000800   Zero   RW         3922    .bss                os_cfg_app.o
    0x20003c70        -       0x000000b8   Zero   RW         4890    .bss                os_var.o
    0x20003d28        -       0x0000000c   Zero   RW         4891    .bss                os_var.o
    0x20003d34        -       0x00000180   Zero   RW         4892    .bss                os_var.o
    0x20003eb4        -       0x000000b8   Zero   RW         4893    .bss                os_var.o
    0x20003f6c        -       0x000000b8   Zero   RW         4894    .bss                os_var.o
    0x20004024        -       0x0000002c   Zero   RW         4895    .bss                os_var.o
    0x20004050        -       0x000000b8   Zero   RW         4896    .bss                os_var.o
    0x20004108        -       0x00000400   Zero   RW            1    STACK               startup_stm32f446xx.o


==============================================================================

Image component sizes


      Code (inc. data)   RO Data    RW Data    ZI Data      Debug   Object Name

        12          0          0          0          0        268   cortex_m_ports.o
        52          0          0          0          0        452   cpu_a.o
         4          0          0          0          0       1023   debug_functions.o
       172         18          0          0          0       1027   gpio.o
       152         22          0          4       1600       2598   list.o
       416         78          0          0          0       3397   log.o
       218         34          0          6          0       3004   main.o
         2          0         81          0      10416      20390   os_cfg_app.o
      1880        350          0          0          0      17757   os_core.o
       292         12          0          0          0        548   os_cpu_a.o
       668        160          0          4          0      27113   os_cpu_c.o
         2          0          0          0          0       1022   os_dbg.o
       394         26          0          0          0       4754   os_flag.o
        24         10          0          0          0        993   os_mem.o
       302         24          0          0          0       3769   os_msg.o
       666         38          0          0          0       5747   os_mutex.o
        80         22          0          4          0       3030   os_prio.o
       482         30          0          0          0       4792   os_q.o
       788        142          0          0          0       3362   os_stat.o
      1396        128          0          0          0      10987   os_task.o
       902         90          0          0          0       6503   os_tick.o
       372         42          0          0          0       3057   os_time.o
       488        134          0          0          0       3789   os_tmr.o
         0          0          0        147       1176      18975   os_var.o
        36          8        452          0       1024        872   startup_stm32f446xx.o
       128         20          0         12          0       3607   stm32f4xx_hal.o
       198         14          0          0          0      34175   stm32f4xx_hal_cortex.o
       454         42          0          0          0       3876   stm32f4xx_hal_gpio.o
        52          4          0          0          0        910   stm32f4xx_hal_msp.o
       368         42          0          0          0       3034   stm32f4xx_hal_rcc.o
       984         30          0          0          0       2822   stm32f4xx_hal_rcc_ex.o
       974         44          0          0          0      10525   stm32f4xx_hal_tim.o
        70          0          0          0          0       2581   stm32f4xx_hal_tim_ex.o
      1068          8          0          0          0       4288   stm32f4xx_hal_uart.o
        26          6          0          0          0       3929   stm32f4xx_it.o
        84         18         24          4          0       1267   system_stm32f4xx.o
       432         88          0          8       1544     744919   task_capture_data.o
       448         78          0          4       1576       4596   task_send_data.o
       176         18          0          0         64       2414   tim.o
       308         34          0          0         64       3275   usart.o

    ----------------------------------------------------------------------
     15600       1814        600        208      17464     975447   Object Totals
         0          0         32          0          0          0   (incl. Generated)
        30          0         11         15          0          0   (incl. Padding)

    ----------------------------------------------------------------------

      Code (inc. data)   RO Data    RW Data    ZI Data      Debug   Library Member Name

         0          0          0          0          0          0   entry.o
         0          0          0          0          0          0   entry10a.o
         0          0          0          0          0          0   entry11a.o
         8          4          0          0          0          0   entry2.o
         4          0          0          0          0          0   entry5.o
         0          0          0          0          0          0   entry7b.o
         0          0          0          0          0          0   entry8b.o
         8          4          0          0          0          0   entry9a.o
        30          0          0          0          0          0   handlers.o
        36          8          0          0          0         68   init.o
         0          0          0          0          0          0   iusefp.o
        30          0          0          0          0         68   llshl.o
        36          0          0          0          0         68   llsshr.o
        32          0          0          0          0         68   llushr.o
        36          0          0          0          0        108   memseta.o
      2346         90          0          0          0        672   printfa.o
        18          0          0          0          0         68   strcpy.o
        14          0          0          0          0         68   strlen.o
        44          0          0          0          0         80   uidiv.o
        98          0          0          0          0         92   uldiv.o
        48          0          0          0          0         68   cdrcmple.o
       334          0          0          0          0        148   dadd.o
       222          0          0          0          0        100   ddiv.o
       186          0          0          0          0        176   depilogue.o
        48          0          0          0          0         68   dfixul.o
       228          0          0          0          0         96   dmul.o

    ----------------------------------------------------------------------
      3812        106          0          0          0       2016   Library Totals
         6          0          0          0          0          0   (incl. Padding)

    ----------------------------------------------------------------------

      Code (inc. data)   RO Data    RW Data    ZI Data      Debug   Library Name

      2740        106          0          0          0       1360   mc_w.l
      1066          0          0          0          0        656   mf_w.l

    ----------------------------------------------------------------------
      3812        106          0          0          0       2016   Library Totals

    ----------------------------------------------------------------------

==============================================================================


      Code (inc. data)   RO Data    RW Data    ZI Data      Debug   

     19412       1920        600        208      17464     960927   Grand Totals
     19412       1920        600        208      17464     960927   ELF Image Totals
     19412       1920        600        208          0          0   ROM Totals

==============================================================================

    Total RO  Size (Code + RO Data)                20012 (  19.54kB)
    Total RW  Size (RW Data + ZI Data)             17672 (  17.26kB)
    Total ROM Size (Code + RO Data + RW Data)      20220 (  19.75kB)

==============================================================================

